../../Appli/../../Appli/Middlewares/ST/touchgfx/framework/include/touchgfx/Screen.hpp:104:18:virtual void touchgfx::Screen::afterTransition()	0	static
../../Appli/../../Appli/Middlewares/ST/touchgfx/framework/include/touchgfx/Screen.hpp:144:18:virtual void touchgfx::Screen::handleTickEvent()	0	static
../../Appli/../../Appli/Middlewares/ST/touchgfx/framework/include/touchgfx/Screen.hpp:154:18:virtual void touchgfx::Screen::handleKeyEvent(uint8_t)	0	static
N:/STM32H7S78-DK/1_LEDcontrol/Appli/TouchGFX/gui/src/screen1_screen/Screen1View.cpp:14:6:virtual void Screen1View::tearDownScreen()	0	static
../../Appli/../../Appli/TouchGFX/gui/include/gui/screen1_screen/Screen1View.hpp:11:13:Screen1View::~Screen1View()	8	static
../../Appli/../../Appli/TouchGFX/gui/include/gui/screen1_screen/Screen1View.hpp:11:13:virtual Screen1View::~Screen1View()	8	static
../../Appli/../../Appli/Middlewares/ST/touchgfx/framework/include/touchgfx/Bitmap.hpp:142:14:touchgfx::BitmapId touchgfx::Bitmap::getId() const	8	static
N:/STM32H7S78-DK/1_LEDcontrol/Appli/TouchGFX/gui/src/screen1_screen/Screen1View.cpp:20:6:virtual void Screen1View::ToggleLED()	16	static
N:/STM32H7S78-DK/1_LEDcontrol/Appli/TouchGFX/gui/src/screen1_screen/Screen1View.cpp:4:1:Screen1View::Screen1View()	8	static
N:/STM32H7S78-DK/1_LEDcontrol/Appli/TouchGFX/gui/src/screen1_screen/Screen1View.cpp:9:6:virtual void Screen1View::setupScreen()	0	static
