../../Appli/../../Appli/Middlewares/ST/touchgfx/framework/include/touchgfx/Drawable.hpp:147:23:virtual touchgfx::Drawable* touchgfx::Drawable::getFirstChild()	0	static
../../Appli/../../Appli/Middlewares/ST/touchgfx/framework/include/touchgfx/Drawable.hpp:315:18:virtual void touchgfx::Drawable::setX(int16_t)	0	static
../../Appli/../../Appli/Middlewares/ST/touchgfx/framework/include/touchgfx/Drawable.hpp:327:18:virtual void touchgfx::Drawable::setY(int16_t)	0	static
../../Appli/../../Appli/Middlewares/ST/touchgfx/framework/include/touchgfx/Drawable.hpp:356:18:virtual void touchgfx::Drawable::setWidth(int16_t)	0	static
../../Appli/../../Appli/Middlewares/ST/touchgfx/framework/include/touchgfx/Drawable.hpp:368:18:virtual void touchgfx::Drawable::setHeight(int16_t)	0	static
../../Appli/../../Appli/Middlewares/ST/touchgfx/framework/include/touchgfx/Drawable.hpp:378:18:virtual void touchgfx::Drawable::childGeometryChanged()	0	static
../../Appli/../../Appli/Middlewares/ST/touchgfx/framework/include/touchgfx/Drawable.hpp:389:18:virtual void touchgfx::Drawable::handleClickEvent(const touchgfx::ClickEvent&)	0	static
../../Appli/../../Appli/Middlewares/ST/touchgfx/framework/include/touchgfx/Drawable.hpp:401:18:virtual void touchgfx::Drawable::handleGestureEvent(const touchgfx::GestureEvent&)	0	static
../../Appli/../../Appli/Middlewares/ST/touchgfx/framework/include/touchgfx/Drawable.hpp:490:18:virtual void touchgfx::Drawable::handleDragEvent(const touchgfx::DragEvent&)	0	static
../../Appli/../../Appli/Middlewares/ST/touchgfx/framework/include/touchgfx/Drawable.hpp:501:18:virtual void touchgfx::Drawable::handleTickEvent()	0	static
../../Appli/../../Appli/Middlewares/ST/touchgfx/framework/include/touchgfx/Drawable.hpp:588:18:virtual void touchgfx::Drawable::moveTo(int16_t, int16_t)	4	static
../../Appli/../../Appli/Middlewares/ST/touchgfx/framework/include/touchgfx/Drawable.hpp:703:18:virtual void touchgfx::Drawable::setupDrawChain(const touchgfx::Rect&, touchgfx::Drawable**)	0	static
../../Appli/../../Appli/Middlewares/ST/touchgfx/framework/include/touchgfx/containers/Container.hpp:165:23:virtual touchgfx::Drawable* touchgfx::Container::getFirstChild()	0	static
../../Appli/../../Appli/Middlewares/ST/touchgfx/framework/include/touchgfx/Screen.hpp:93:18:virtual void touchgfx::Screen::setupScreen()	0	static
../../Appli/../../Appli/Middlewares/ST/touchgfx/framework/include/touchgfx/Screen.hpp:104:18:virtual void touchgfx::Screen::afterTransition()	0	static
../../Appli/../../Appli/Middlewares/ST/touchgfx/framework/include/touchgfx/Screen.hpp:115:18:virtual void touchgfx::Screen::tearDownScreen()	0	static
../../Appli/../../Appli/Middlewares/ST/touchgfx/framework/include/touchgfx/Screen.hpp:144:18:virtual void touchgfx::Screen::handleTickEvent()	0	static
../../Appli/../../Appli/Middlewares/ST/touchgfx/framework/include/touchgfx/Screen.hpp:154:18:virtual void touchgfx::Screen::handleKeyEvent(uint8_t)	0	static
../../Appli/../../Appli/Middlewares/ST/touchgfx/framework/include/touchgfx/containers/buttons/AbstractButtonContainer.hpp:114:18:virtual void touchgfx::AbstractButtonContainer::handlePressedUpdated()	0	static
../../Appli/../../Appli/Middlewares/ST/touchgfx/framework/include/touchgfx/containers/buttons/AbstractButtonContainer.hpp:119:18:virtual void touchgfx::AbstractButtonContainer::handleAlphaUpdated()	0	static
../../Appli/../../Appli/Middlewares/ST/touchgfx/framework/include/touchgfx/containers/buttons/AbstractButtonContainer.hpp:34:7:touchgfx::AbstractButtonContainer::~AbstractButtonContainer()	0	static
../../Appli/../../Appli/Middlewares/ST/touchgfx/framework/include/touchgfx/TypedText.hpp:65:13:touchgfx::TypedText::~TypedText()	0	static
../../Appli/../../Appli/Middlewares/ST/touchgfx/framework/include/touchgfx/widgets/TextArea.hpp:48:18:virtual void touchgfx::TextArea::setWidth(int16_t)	32	static
../../Appli/../../Appli/Middlewares/ST/touchgfx/framework/include/touchgfx/widgets/TextArea.hpp:54:18:virtual void touchgfx::TextArea::setHeight(int16_t)	32	static
../../Appli/../../Appli/Middlewares/ST/touchgfx/framework/include/touchgfx/widgets/TextArea.hpp:60:18:virtual touchgfx::Rect touchgfx::TextArea::getSolidRect() const	0	static
../../Appli/../../Appli/Middlewares/ST/touchgfx/framework/include/touchgfx/widgets/TextArea.hpp:89:18:virtual void touchgfx::TextArea::setAlpha(uint8_t)	0	static
../../Appli/../../Appli/Middlewares/ST/touchgfx/framework/include/touchgfx/widgets/TextArea.hpp:127:18:virtual void touchgfx::TextArea::setXBaselineY(int16_t, int16_t)	16	static
../../Appli/../../Appli/Middlewares/ST/touchgfx/framework/include/touchgfx/widgets/TextArea.hpp:391:41:virtual const touchgfx::Unicode::UnicodeChar* touchgfx::TextArea::getWildcard1() const	0	static
../../Appli/../../Appli/Middlewares/ST/touchgfx/framework/include/touchgfx/widgets/TextArea.hpp:403:41:virtual const touchgfx::Unicode::UnicodeChar* touchgfx::TextArea::getWildcard2() const	0	static
../../Appli/../../Appli/Middlewares/ST/touchgfx/framework/include/touchgfx/widgets/TextAreaWithWildcard.hpp:49:36:virtual touchgfx::TextArea::BoundingArea touchgfx::TextAreaWithWildcardBase::calculateBoundingArea() const	0	static
../../Appli/../../Appli/Middlewares/ST/touchgfx/framework/include/touchgfx/widgets/TextAreaWithWildcard.hpp:84:41:virtual const touchgfx::Unicode::UnicodeChar* touchgfx::TextAreaWithOneWildcard::getWildcard1() const	0	static
../../Appli/../../Appli/Middlewares/ST/touchgfx/framework/include/touchgfx/widgets/TextAreaWithWildcard.hpp:147:41:virtual const touchgfx::Unicode::UnicodeChar* touchgfx::TextAreaWithTwoWildcards::getWildcard1() const	0	static
../../Appli/../../Appli/Middlewares/ST/touchgfx/framework/include/touchgfx/widgets/TextAreaWithWildcard.hpp:166:41:virtual const touchgfx::Unicode::UnicodeChar* touchgfx::TextAreaWithTwoWildcards::getWildcard2() const	0	static
../../Appli/../../Appli/TouchGFX/generated/gui_generated/include/gui_generated/main_screen/MainViewBase.hpp:35:18:virtual void MainViewBase::fanModeChanged(HVAC_FanMode_t)	0	static
../../Appli/../../Appli/TouchGFX/generated/gui_generated/include/gui_generated/main_screen/MainViewBase.hpp:40:18:virtual void MainViewBase::temperatureChanged(float)	0	static
../../Appli/../../Appli/TouchGFX/generated/gui_generated/include/gui_generated/main_screen/MainViewBase.hpp:45:18:virtual void MainViewBase::graphButtonClicked(Rooms)	0	static
../../Appli/../../Appli/TouchGFX/generated/gui_generated/include/gui_generated/main_screen/MainViewBase.hpp:54:18:virtual void MainViewBase::kitchenCardButtonClicked()	0	static
../../Appli/../../Appli/TouchGFX/generated/gui_generated/include/gui_generated/main_screen/MainViewBase.hpp:58:18:virtual void MainViewBase::livingroomCardButtonClicked()	0	static
../../Appli/../../Appli/TouchGFX/generated/gui_generated/include/gui_generated/main_screen/MainViewBase.hpp:62:18:virtual void MainViewBase::bedroomCardButtonClicked()	0	static
../../Appli/../../Appli/TouchGFX/generated/gui_generated/include/gui_generated/main_screen/MainViewBase.hpp:66:18:virtual void MainViewBase::fahrenheitToggleClicked()	0	static
../../Appli/../../Appli/TouchGFX/generated/gui_generated/include/gui_generated/main_screen/MainViewBase.hpp:70:18:virtual void MainViewBase::resetRoomCards()	0	static
../../Appli/../../Appli/TouchGFX/generated/gui_generated/include/gui_generated/main_screen/MainViewBase.hpp:74:18:virtual void MainViewBase::temperatureAnimationDone()	0	static
../../Appli/../../Appli/Middlewares/ST/touchgfx/framework/include/mvp/View.hpp:36:7:touchgfx::View<MainPresenter>::~View()	0	static
N:/STM32H7S78-DK/MyApplication_1/Appli/TouchGFX/generated/gui_generated/src/main_screen/MainViewBase.cpp:271:6:void MainViewBase::setTempAndFanCloseCompleteCallbackHandler()	0	static
N:/STM32H7S78-DK/MyApplication_1/Appli/TouchGFX/generated/gui_generated/src/main_screen/MainViewBase.cpp:279:6:void MainViewBase::setTempAndFanFanSettingChangedCallbackHandler(HVAC_FanMode_t)	0	static
N:/STM32H7S78-DK/MyApplication_1/Appli/TouchGFX/generated/gui_generated/src/main_screen/MainViewBase.cpp:287:6:void MainViewBase::setTempAndFanCloseStartedCallbackHandler(float)	0	static
N:/STM32H7S78-DK/MyApplication_1/Appli/TouchGFX/generated/gui_generated/src/main_screen/MainViewBase.cpp:295:6:void MainViewBase::temperatureAnimationTemperatureAnimationDoneCallbackHandler()	0	static
N:/STM32H7S78-DK/MyApplication_1/Appli/TouchGFX/generated/gui_generated/src/main_screen/MainViewBase.cpp:303:6:void MainViewBase::setTempAndFanOpenCompleteCallbackHandler()	0	static
../../Appli/../../Appli/Middlewares/ST/touchgfx/framework/include/touchgfx/containers/buttons/ClickButtonTrigger.hpp:35:7:touchgfx::ClickButtonTrigger::~ClickButtonTrigger()	0	static
../../Appli/../../Appli/Middlewares/ST/touchgfx/framework/include/touchgfx/containers/buttons/ImageButtonStyle.hpp:45:7:touchgfx::ImageButtonStyle<touchgfx::ClickButtonTrigger>::~ImageButtonStyle()	0	static
../../Appli/../../Appli/Middlewares/ST/touchgfx/framework/include/touchgfx/widgets/TextAreaWithWildcard.hpp:62:7:touchgfx::TextAreaWithOneWildcard::~TextAreaWithOneWildcard()	0	static
../../Appli/../../Appli/Middlewares/ST/touchgfx/framework/include/touchgfx/containers/buttons/ToggleButtonTrigger.hpp:36:7:touchgfx::ToggleButtonTrigger::~ToggleButtonTrigger()	0	static
../../Appli/../../Appli/Middlewares/ST/touchgfx/framework/include/touchgfx/containers/buttons/ImageButtonStyle.hpp:45:7:touchgfx::ImageButtonStyle<touchgfx::ToggleButtonTrigger>::~ImageButtonStyle()	0	static
../../Appli/../../Appli/Middlewares/ST/touchgfx/framework/include/touchgfx/mixins/MoveAnimator.hpp:88:18:void touchgfx::MoveAnimator<T>::setMoveAnimationDelay(uint16_t) [with T = touchgfx::Container]	0	static
../../Appli/../../Appli/Middlewares/ST/touchgfx/framework/include/touchgfx/containers/buttons/TextButtonStyle.hpp:138:18:void touchgfx::TextButtonStyle<T>::handlePressedUpdated() [with T = touchgfx::ClickButtonTrigger]	0	static
../../Appli/../../Appli/Middlewares/ST/touchgfx/framework/include/touchgfx/containers/buttons/BoxWithBorderButtonStyle.hpp:123:18:void touchgfx::BoxWithBorderButtonStyle<T>::handlePressedUpdated() [with T = touchgfx::ClickButtonTrigger]	0	static
../../Appli/../../Appli/Middlewares/ST/touchgfx/framework/include/touchgfx/Callback.hpp:357:8:touchgfx::Callback<MainViewBase, float>::~Callback()	0	static
../../Appli/../../Appli/Middlewares/ST/touchgfx/framework/include/touchgfx/Callback.hpp:357:8:touchgfx::Callback<MainViewBase, HVAC_FanMode_t>::~Callback()	0	static
../../Appli/../../Appli/Middlewares/ST/touchgfx/framework/include/touchgfx/Callback.hpp:424:8:touchgfx::Callback<MainViewBase>::~Callback()	0	static
../../Appli/../../Appli/Middlewares/ST/touchgfx/framework/include/touchgfx/Callback.hpp:357:8:touchgfx::Callback<MainViewBase, const touchgfx::AbstractButtonContainer&>::~Callback()	0	static
../../Appli/../../Appli/Middlewares/ST/touchgfx/framework/include/touchgfx/mixins/FadeAnimator.hpp:41:7:touchgfx::FadeAnimator<touchgfx::ImageButtonStyle<touchgfx::ToggleButtonTrigger> >::~FadeAnimator()	0	static
../../Appli/../../Appli/Middlewares/ST/touchgfx/framework/include/touchgfx/mixins/FadeAnimator.hpp:41:7:touchgfx::FadeAnimator<touchgfx::TextArea>::~FadeAnimator()	0	static
../../Appli/../../Appli/Middlewares/ST/touchgfx/framework/include/touchgfx/mixins/FadeAnimator.hpp:41:7:touchgfx::FadeAnimator<touchgfx::ImageButtonStyle<touchgfx::ClickButtonTrigger> >::~FadeAnimator()	0	static
../../Appli/../../Appli/Middlewares/ST/touchgfx/framework/include/touchgfx/containers/buttons/BoxWithBorderButtonStyle.hpp:41:7:touchgfx::BoxWithBorderButtonStyle<touchgfx::ClickButtonTrigger>::~BoxWithBorderButtonStyle()	0	static
../../Appli/../../Appli/Middlewares/ST/touchgfx/framework/include/touchgfx/containers/buttons/TextButtonStyle.hpp:43:7:touchgfx::TextButtonStyle<touchgfx::ClickButtonTrigger>::~TextButtonStyle()	0	static
../../Appli/../../Appli/Middlewares/ST/touchgfx/framework/include/touchgfx/mixins/MoveAnimator.hpp:37:7:touchgfx::MoveAnimator<touchgfx::Container>::~MoveAnimator()	0	static
../../Appli/../../Appli/Middlewares/ST/touchgfx/framework/include/touchgfx/mixins/FadeAnimator.hpp:41:7:touchgfx::FadeAnimator<touchgfx::TextAreaWithOneWildcard>::~FadeAnimator()	0	static
../../Appli/../../Appli/Middlewares/ST/touchgfx/framework/include/touchgfx/mixins/FadeAnimator.hpp:41:7:touchgfx::FadeAnimator<touchgfx::Image>::~FadeAnimator()	0	static
../../Appli/../../Appli/Middlewares/ST/touchgfx/framework/include/touchgfx/widgets/TextAreaWithWildcard.hpp:125:7:touchgfx::TextAreaWithTwoWildcards::~TextAreaWithTwoWildcards()	0	static
../../Appli/../../Appli/Middlewares/ST/touchgfx/framework/include/touchgfx/Callback.hpp:386:18:void touchgfx::Callback<dest_type, T1, void, void>::execute(T1) [with dest_type = MainViewBase; T1 = float]	4	static
../../Appli/../../Appli/Middlewares/ST/touchgfx/framework/include/touchgfx/Callback.hpp:396:18:bool touchgfx::Callback<dest_type, T1, void, void>::isValid() const [with dest_type = MainViewBase; T1 = float]	0	static
../../Appli/../../Appli/Middlewares/ST/touchgfx/framework/include/touchgfx/Callback.hpp:386:18:void touchgfx::Callback<dest_type, T1, void, void>::execute(T1) [with dest_type = MainViewBase; T1 = HVAC_FanMode_t]	8	static
../../Appli/../../Appli/Middlewares/ST/touchgfx/framework/include/touchgfx/Callback.hpp:396:18:bool touchgfx::Callback<dest_type, T1, void, void>::isValid() const [with dest_type = MainViewBase; T1 = HVAC_FanMode_t]	0	static
../../Appli/../../Appli/Middlewares/ST/touchgfx/framework/include/touchgfx/Callback.hpp:449:18:void touchgfx::Callback<dest_type, void, void, void>::execute() [with dest_type = MainViewBase]	4	static
../../Appli/../../Appli/Middlewares/ST/touchgfx/framework/include/touchgfx/Callback.hpp:459:18:bool touchgfx::Callback<dest_type, void, void, void>::isValid() const [with dest_type = MainViewBase]	0	static
../../Appli/../../Appli/Middlewares/ST/touchgfx/framework/include/touchgfx/Callback.hpp:386:18:void touchgfx::Callback<dest_type, T1, void, void>::execute(T1) [with dest_type = MainViewBase; T1 = const touchgfx::AbstractButtonContainer&]	8	static
../../Appli/../../Appli/Middlewares/ST/touchgfx/framework/include/touchgfx/Callback.hpp:396:18:bool touchgfx::Callback<dest_type, T1, void, void>::isValid() const [with dest_type = MainViewBase; T1 = const touchgfx::AbstractButtonContainer&]	0	static
../../Appli/../../Appli/Middlewares/ST/touchgfx/framework/include/touchgfx/containers/buttons/ImageButtonStyle.hpp:104:18:void touchgfx::ImageButtonStyle<T>::handleAlphaUpdated() [with T = touchgfx::ToggleButtonTrigger]	0	static
../../Appli/../../Appli/Middlewares/ST/touchgfx/framework/include/touchgfx/mixins/FadeAnimator.hpp:84:18:void touchgfx::FadeAnimator<T>::setFadeAnimationDelay(uint16_t) [with T = touchgfx::ImageButtonStyle<touchgfx::ToggleButtonTrigger>]	0	static
../../Appli/../../Appli/Middlewares/ST/touchgfx/framework/include/touchgfx/mixins/FadeAnimator.hpp:96:22:uint16_t touchgfx::FadeAnimator<T>::getFadeAnimationDelay() const [with T = touchgfx::ImageButtonStyle<touchgfx::ToggleButtonTrigger>]	0	static
../../Appli/../../Appli/Middlewares/ST/touchgfx/framework/include/touchgfx/mixins/FadeAnimator.hpp:84:18:void touchgfx::FadeAnimator<T>::setFadeAnimationDelay(uint16_t) [with T = touchgfx::TextArea]	0	static
../../Appli/../../Appli/Middlewares/ST/touchgfx/framework/include/touchgfx/mixins/FadeAnimator.hpp:96:22:uint16_t touchgfx::FadeAnimator<T>::getFadeAnimationDelay() const [with T = touchgfx::TextArea]	0	static
../../Appli/../../Appli/Middlewares/ST/touchgfx/framework/include/touchgfx/containers/buttons/ImageButtonStyle.hpp:104:18:void touchgfx::ImageButtonStyle<T>::handleAlphaUpdated() [with T = touchgfx::ClickButtonTrigger]	0	static
../../Appli/../../Appli/Middlewares/ST/touchgfx/framework/include/touchgfx/mixins/FadeAnimator.hpp:84:18:void touchgfx::FadeAnimator<T>::setFadeAnimationDelay(uint16_t) [with T = touchgfx::ImageButtonStyle<touchgfx::ClickButtonTrigger>]	0	static
../../Appli/../../Appli/Middlewares/ST/touchgfx/framework/include/touchgfx/mixins/FadeAnimator.hpp:96:22:uint16_t touchgfx::FadeAnimator<T>::getFadeAnimationDelay() const [with T = touchgfx::ImageButtonStyle<touchgfx::ClickButtonTrigger>]	0	static
../../Appli/../../Appli/Middlewares/ST/touchgfx/framework/include/touchgfx/containers/buttons/BoxWithBorderButtonStyle.hpp:131:18:void touchgfx::BoxWithBorderButtonStyle<T>::handleAlphaUpdated() [with T = touchgfx::ClickButtonTrigger]	0	static
../../Appli/../../Appli/Middlewares/ST/touchgfx/framework/include/touchgfx/containers/buttons/TextButtonStyle.hpp:145:18:void touchgfx::TextButtonStyle<T>::handleAlphaUpdated() [with T = touchgfx::ClickButtonTrigger]	0	static
../../Appli/../../Appli/Middlewares/ST/touchgfx/framework/include/touchgfx/mixins/MoveAnimator.hpp:100:22:uint16_t touchgfx::MoveAnimator<T>::getMoveAnimationDelay() const [with T = touchgfx::Container]	0	static
../../Appli/../../Appli/Middlewares/ST/touchgfx/framework/include/touchgfx/mixins/FadeAnimator.hpp:84:18:void touchgfx::FadeAnimator<T>::setFadeAnimationDelay(uint16_t) [with T = touchgfx::TextAreaWithOneWildcard]	0	static
../../Appli/../../Appli/Middlewares/ST/touchgfx/framework/include/touchgfx/mixins/FadeAnimator.hpp:96:22:uint16_t touchgfx::FadeAnimator<T>::getFadeAnimationDelay() const [with T = touchgfx::TextAreaWithOneWildcard]	0	static
../../Appli/../../Appli/Middlewares/ST/touchgfx/framework/include/touchgfx/mixins/FadeAnimator.hpp:84:18:void touchgfx::FadeAnimator<T>::setFadeAnimationDelay(uint16_t) [with T = touchgfx::Image]	0	static
../../Appli/../../Appli/Middlewares/ST/touchgfx/framework/include/touchgfx/mixins/FadeAnimator.hpp:96:22:uint16_t touchgfx::FadeAnimator<T>::getFadeAnimationDelay() const [with T = touchgfx::Image]	0	static
../../Appli/../../Appli/Middlewares/ST/touchgfx/framework/include/touchgfx/containers/buttons/ImageButtonStyle.hpp:97:18:void touchgfx::ImageButtonStyle<T>::handlePressedUpdated() [with T = touchgfx::ToggleButtonTrigger]	0	static
../../Appli/../../Appli/Middlewares/ST/touchgfx/framework/include/touchgfx/containers/buttons/ImageButtonStyle.hpp:97:18:void touchgfx::ImageButtonStyle<T>::handlePressedUpdated() [with T = touchgfx::ClickButtonTrigger]	0	static
../../Appli/../../Appli/Middlewares/ST/touchgfx/framework/include/touchgfx/TypedText.hpp:65:13:virtual touchgfx::TypedText::~TypedText()	8	static
../../Appli/../../Appli/Middlewares/ST/touchgfx/framework/include/touchgfx/Callback.hpp:424:8:virtual touchgfx::Callback<MainViewBase>::~Callback()	8	static
../../Appli/../../Appli/Middlewares/ST/touchgfx/framework/include/mvp/View.hpp:36:7:virtual touchgfx::View<MainPresenter>::~View()	8	static
../../Appli/../../Appli/Middlewares/ST/touchgfx/framework/include/touchgfx/mixins/MoveAnimator.hpp:37:7:virtual touchgfx::MoveAnimator<touchgfx::Container>::~MoveAnimator()	8	static
../../Appli/../../Appli/Middlewares/ST/touchgfx/framework/include/touchgfx/containers/buttons/AbstractButtonContainer.hpp:34:7:virtual touchgfx::AbstractButtonContainer::~AbstractButtonContainer()	8	static
../../Appli/../../Appli/Middlewares/ST/touchgfx/framework/include/touchgfx/containers/buttons/ClickButtonTrigger.hpp:35:7:virtual touchgfx::ClickButtonTrigger::~ClickButtonTrigger()	8	static
../../Appli/../../Appli/Middlewares/ST/touchgfx/framework/include/touchgfx/containers/buttons/ToggleButtonTrigger.hpp:36:7:virtual touchgfx::ToggleButtonTrigger::~ToggleButtonTrigger()	8	static
../../Appli/../../Appli/Middlewares/ST/touchgfx/framework/include/touchgfx/containers/buttons/ImageButtonStyle.hpp:45:7:virtual touchgfx::ImageButtonStyle<touchgfx::ClickButtonTrigger>::~ImageButtonStyle()	8	static
../../Appli/../../Appli/Middlewares/ST/touchgfx/framework/include/touchgfx/mixins/FadeAnimator.hpp:41:7:virtual touchgfx::FadeAnimator<touchgfx::ImageButtonStyle<touchgfx::ClickButtonTrigger> >::~FadeAnimator()	8	static
../../Appli/../../Appli/Middlewares/ST/touchgfx/framework/include/touchgfx/containers/buttons/ImageButtonStyle.hpp:45:7:virtual touchgfx::ImageButtonStyle<touchgfx::ToggleButtonTrigger>::~ImageButtonStyle()	8	static
../../Appli/../../Appli/Middlewares/ST/touchgfx/framework/include/touchgfx/mixins/FadeAnimator.hpp:41:7:virtual touchgfx::FadeAnimator<touchgfx::ImageButtonStyle<touchgfx::ToggleButtonTrigger> >::~FadeAnimator()	8	static
../../Appli/../../Appli/Middlewares/ST/touchgfx/framework/include/touchgfx/mixins/FadeAnimator.hpp:41:7:virtual touchgfx::FadeAnimator<touchgfx::Image>::~FadeAnimator()	8	static
../../Appli/../../Appli/Middlewares/ST/touchgfx/framework/include/touchgfx/containers/buttons/TextButtonStyle.hpp:43:7:virtual touchgfx::TextButtonStyle<touchgfx::ClickButtonTrigger>::~TextButtonStyle()	8	static
../../Appli/../../Appli/Middlewares/ST/touchgfx/framework/include/touchgfx/mixins/FadeAnimator.hpp:41:7:virtual touchgfx::FadeAnimator<touchgfx::TextArea>::~FadeAnimator()	8	static
../../Appli/../../Appli/Middlewares/ST/touchgfx/framework/include/touchgfx/widgets/TextAreaWithWildcard.hpp:62:7:virtual touchgfx::TextAreaWithOneWildcard::~TextAreaWithOneWildcard()	8	static
../../Appli/../../Appli/Middlewares/ST/touchgfx/framework/include/touchgfx/mixins/FadeAnimator.hpp:41:7:virtual touchgfx::FadeAnimator<touchgfx::TextAreaWithOneWildcard>::~FadeAnimator()	8	static
../../Appli/../../Appli/Middlewares/ST/touchgfx/framework/include/touchgfx/widgets/TextAreaWithWildcard.hpp:125:7:virtual touchgfx::TextAreaWithTwoWildcards::~TextAreaWithTwoWildcards()	8	static
../../Appli/../../Appli/Middlewares/ST/touchgfx/framework/include/touchgfx/containers/buttons/BoxWithBorderButtonStyle.hpp:41:7:virtual touchgfx::BoxWithBorderButtonStyle<touchgfx::ClickButtonTrigger>::~BoxWithBorderButtonStyle()	8	static
../../Appli/../../Appli/Middlewares/ST/touchgfx/framework/include/touchgfx/Callback.hpp:357:8:virtual touchgfx::Callback<MainViewBase, const touchgfx::AbstractButtonContainer&>::~Callback()	8	static
../../Appli/../../Appli/Middlewares/ST/touchgfx/framework/include/touchgfx/Callback.hpp:357:8:virtual touchgfx::Callback<MainViewBase, HVAC_FanMode_t>::~Callback()	8	static
../../Appli/../../Appli/Middlewares/ST/touchgfx/framework/include/touchgfx/Callback.hpp:357:8:virtual touchgfx::Callback<MainViewBase, float>::~Callback()	8	static
N:/STM32H7S78-DK/MyApplication_1/Appli/TouchGFX/generated/gui_generated/src/main_screen/MainViewBase.cpp:177:6:virtual void MainViewBase::setupScreen()	8	static
../../Appli/../../Appli/Middlewares/ST/touchgfx/framework/include/touchgfx/Drawable.hpp:121:18:virtual void touchgfx::Drawable::invalidateContent() const	0	static
../../Appli/../../Appli/Middlewares/ST/touchgfx/framework/include/touchgfx/widgets/Image.hpp:118:18:virtual void touchgfx::Image::invalidateContent() const	8	static
../../Appli/../../Appli/Middlewares/ST/touchgfx/framework/include/touchgfx/widgets/TextAreaWithWildcard.hpp:43:18:virtual void touchgfx::TextAreaWithWildcardBase::invalidateContent() const	8	static
../../Appli/../../Appli/Middlewares/ST/touchgfx/framework/include/touchgfx/containers/buttons/AbstractButtonContainer.hpp:99:18:virtual void touchgfx::AbstractButtonContainer::executeAction()	8	static
../../Appli/../../Appli/Middlewares/ST/touchgfx/framework/include/touchgfx/widgets/Widget.hpp:45:18:virtual void touchgfx::Widget::getLastChild(int16_t, int16_t, touchgfx::Drawable**)	0	static
../../Appli/../../Appli/Middlewares/ST/touchgfx/framework/include/touchgfx/containers/buttons/ClickButtonTrigger.hpp:47:18:virtual void touchgfx::ClickButtonTrigger::handleClickEvent(const touchgfx::ClickEvent&)	16	static
../../Appli/../../Appli/Middlewares/ST/touchgfx/framework/include/touchgfx/widgets/TextArea.hpp:111:18:virtual void touchgfx::TextArea::setBaselineY(int16_t)	16	static
../../Appli/../../Appli/Middlewares/ST/touchgfx/framework/include/touchgfx/mixins/FadeAnimator.hpp:157:18:void touchgfx::FadeAnimator<T>::handleTickEvent() [with T = touchgfx::TextArea]	16	static
../../Appli/../../Appli/Middlewares/ST/touchgfx/framework/include/touchgfx/mixins/FadeAnimator.hpp:157:18:void touchgfx::FadeAnimator<T>::handleTickEvent() [with T = touchgfx::TextAreaWithOneWildcard]	16	static
../../Appli/../../Appli/Middlewares/ST/touchgfx/framework/include/touchgfx/mixins/FadeAnimator.hpp:157:18:void touchgfx::FadeAnimator<T>::handleTickEvent() [with T = touchgfx::Image]	16	static
N:/STM32H7S78-DK/MyApplication_1/Appli/TouchGFX/generated/gui_generated/src/main_screen/MainViewBase.cpp:172:1:MainViewBase::~MainViewBase()	16	static
N:/STM32H7S78-DK/MyApplication_1/Appli/TouchGFX/generated/gui_generated/src/main_screen/MainViewBase.cpp:172:1:virtual MainViewBase::~MainViewBase()	8	static
../../Appli/../../Appli/Middlewares/ST/touchgfx/framework/include/touchgfx/containers/buttons/ToggleButtonTrigger.hpp:78:18:virtual void touchgfx::ToggleButtonTrigger::handleClickEvent(const touchgfx::ClickEvent&)	16	static
../../Appli/../../Appli/Middlewares/ST/touchgfx/framework/include/touchgfx/Drawable.hpp:343:10:void touchgfx::Drawable::setXY(int16_t, int16_t)	16	static
../../Appli/../../Appli/Middlewares/ST/touchgfx/framework/include/touchgfx/Drawable.hpp:413:10:void touchgfx::Drawable::setWidthHeight(int16_t, int16_t)	16	static
../../Appli/../../Appli/Middlewares/ST/touchgfx/framework/include/touchgfx/Drawable.hpp:233:10:void touchgfx::Drawable::setPosition(int16_t, int16_t, int16_t, int16_t)	16	static
../../Appli/../../Appli/Middlewares/ST/touchgfx/framework/include/touchgfx/Drawable.hpp:465:10:void touchgfx::Drawable::setWidthHeight(const touchgfx::Bitmap&)	16	static
../../Appli/../../Appli/Middlewares/ST/touchgfx/framework/include/touchgfx/containers/buttons/ImageButtonStyle.hpp:61:18:void touchgfx::ImageButtonStyle<T>::setBitmaps(const touchgfx::Bitmap&, const touchgfx::Bitmap&) [with T = touchgfx::ClickButtonTrigger]	8	static
../../Appli/../../Appli/Middlewares/ST/touchgfx/framework/include/touchgfx/containers/buttons/ImageButtonStyle.hpp:61:18:void touchgfx::ImageButtonStyle<T>::setBitmaps(const touchgfx::Bitmap&, const touchgfx::Bitmap&) [with T = touchgfx::ToggleButtonTrigger]	8	static
../../Appli/../../Appli/Middlewares/ST/touchgfx/framework/include/touchgfx/containers/Container.hpp:43:5:touchgfx::Container::Container()	0	static
../../Appli/../../Appli/Middlewares/ST/touchgfx/framework/include/touchgfx/widgets/Widget.hpp:36:7:touchgfx::Widget::Widget()	0	static
../../Appli/../../Appli/Middlewares/ST/touchgfx/framework/include/touchgfx/widgets/Box.hpp:33:5:touchgfx::Box::Box()	8	static
../../Appli/../../Appli/Middlewares/ST/touchgfx/framework/include/touchgfx/widgets/Image.hpp:50:5:touchgfx::Image::Image(const touchgfx::Bitmap&)	16	static
../../Appli/../../Appli/Middlewares/ST/touchgfx/framework/include/touchgfx/containers/buttons/AbstractButtonContainer.hpp:70:10:void touchgfx::AbstractButtonContainer::setAlpha(uint8_t)	0	static
../../Appli/../../Appli/Middlewares/ST/touchgfx/framework/include/touchgfx/widgets/TextArea.hpp:43:5:touchgfx::TextArea::TextArea()	8	static
../../Appli/../../Appli/Middlewares/ST/touchgfx/framework/include/touchgfx/containers/buttons/ClickButtonTrigger.hpp:35:7:touchgfx::ClickButtonTrigger::ClickButtonTrigger()	8	static
../../Appli/../../Appli/Middlewares/ST/touchgfx/framework/include/touchgfx/containers/buttons/TextButtonStyle.hpp:46:5:touchgfx::TextButtonStyle<T>::TextButtonStyle() [with T = touchgfx::ClickButtonTrigger]	16	static
../../Appli/../../Appli/Middlewares/ST/touchgfx/framework/include/touchgfx/containers/buttons/BoxWithBorderButtonStyle.hpp:44:5:touchgfx::BoxWithBorderButtonStyle<T>::BoxWithBorderButtonStyle() [with T = touchgfx::ClickButtonTrigger]	16	static
../../Appli/../../Appli/Middlewares/ST/touchgfx/framework/include/touchgfx/mixins/FadeAnimator.hpp:44:5:touchgfx::FadeAnimator<T>::FadeAnimator() [with T = touchgfx::Image]	16	static
../../Appli/../../Appli/Middlewares/ST/touchgfx/framework/include/touchgfx/containers/buttons/TextButtonStyle.hpp:57:10:void touchgfx::TextButtonStyle<T>::setText(touchgfx::TypedText) [with T = touchgfx::ClickButtonTrigger]	16	static
../../Appli/../../Appli/Middlewares/ST/touchgfx/framework/include/touchgfx/containers/buttons/TextButtonStyle.hpp:124:10:void touchgfx::TextButtonStyle<T>::setTextColors(touchgfx::colortype, touchgfx::colortype) [with T = touchgfx::ClickButtonTrigger]	0	static
N:/STM32H7S78-DK/MyApplication_1/Appli/TouchGFX/generated/gui_generated/src/main_screen/MainViewBase.cpp:9:1:MainViewBase::MainViewBase()	192	static
../../Appli/../../Appli/Middlewares/ST/touchgfx/framework/include/touchgfx/mixins/MoveAnimator.hpp:177:10:void touchgfx::MoveAnimator<T>::nextMoveAnimationStep() [with T = touchgfx::Container]	24	static
../../Appli/../../Appli/Middlewares/ST/touchgfx/framework/include/touchgfx/mixins/MoveAnimator.hpp:169:18:void touchgfx::MoveAnimator<T>::handleTickEvent() [with T = touchgfx::Container]	8	static
N:/STM32H7S78-DK/MyApplication_1/Appli/TouchGFX/generated/gui_generated/src/main_screen/MainViewBase.cpp:190:6:void MainViewBase::flexButtonCallbackHandler(const touchgfx::AbstractButtonContainer&)	16	static
../../Appli/../../Appli/Middlewares/ST/touchgfx/framework/include/touchgfx/mixins/FadeAnimator.hpp:165:10:void touchgfx::FadeAnimator<T>::nextFadeAnimationStep() [with T = touchgfx::ImageButtonStyle<touchgfx::ToggleButtonTrigger>]	16	static
../../Appli/../../Appli/Middlewares/ST/touchgfx/framework/include/touchgfx/mixins/FadeAnimator.hpp:157:18:void touchgfx::FadeAnimator<T>::handleTickEvent() [with T = touchgfx::ImageButtonStyle<touchgfx::ToggleButtonTrigger>]	8	static
../../Appli/../../Appli/Middlewares/ST/touchgfx/framework/include/touchgfx/mixins/FadeAnimator.hpp:165:10:void touchgfx::FadeAnimator<T>::nextFadeAnimationStep() [with T = touchgfx::ImageButtonStyle<touchgfx::ClickButtonTrigger>]	16	static
../../Appli/../../Appli/Middlewares/ST/touchgfx/framework/include/touchgfx/mixins/FadeAnimator.hpp:157:18:void touchgfx::FadeAnimator<T>::handleTickEvent() [with T = touchgfx::ImageButtonStyle<touchgfx::ClickButtonTrigger>]	8	static
