../../Appli/../../Appli/Middlewares/ST/touchgfx/framework/include/touchgfx/Drawable.hpp:147:23:virtual touchgfx::Drawable* touchgfx::Drawable::getFirstChild()	0	static
../../Appli/../../Appli/Middlewares/ST/touchgfx/framework/include/touchgfx/Drawable.hpp:315:18:virtual void touchgfx::Drawable::setX(int16_t)	0	static
../../Appli/../../Appli/Middlewares/ST/touchgfx/framework/include/touchgfx/Drawable.hpp:327:18:virtual void touchgfx::Drawable::setY(int16_t)	0	static
../../Appli/../../Appli/Middlewares/ST/touchgfx/framework/include/touchgfx/Drawable.hpp:356:18:virtual void touchgfx::Drawable::setWidth(int16_t)	0	static
../../Appli/../../Appli/Middlewares/ST/touchgfx/framework/include/touchgfx/Drawable.hpp:368:18:virtual void touchgfx::Drawable::setHeight(int16_t)	0	static
../../Appli/../../Appli/Middlewares/ST/touchgfx/framework/include/touchgfx/Drawable.hpp:378:18:virtual void touchgfx::Drawable::childGeometryChanged()	0	static
../../Appli/../../Appli/Middlewares/ST/touchgfx/framework/include/touchgfx/Drawable.hpp:389:18:virtual void touchgfx::Drawable::handleClickEvent(const touchgfx::ClickEvent&)	0	static
../../Appli/../../Appli/Middlewares/ST/touchgfx/framework/include/touchgfx/Drawable.hpp:401:18:virtual void touchgfx::Drawable::handleGestureEvent(const touchgfx::GestureEvent&)	0	static
../../Appli/../../Appli/Middlewares/ST/touchgfx/framework/include/touchgfx/Drawable.hpp:490:18:virtual void touchgfx::Drawable::handleDragEvent(const touchgfx::DragEvent&)	0	static
../../Appli/../../Appli/Middlewares/ST/touchgfx/framework/include/touchgfx/Drawable.hpp:501:18:virtual void touchgfx::Drawable::handleTickEvent()	0	static
../../Appli/../../Appli/Middlewares/ST/touchgfx/framework/include/touchgfx/Drawable.hpp:588:18:virtual void touchgfx::Drawable::moveTo(int16_t, int16_t)	4	static
../../Appli/../../Appli/Middlewares/ST/touchgfx/framework/include/touchgfx/Drawable.hpp:703:18:virtual void touchgfx::Drawable::setupDrawChain(const touchgfx::Rect&, touchgfx::Drawable**)	0	static
../../Appli/../../Appli/Middlewares/ST/touchgfx/framework/include/touchgfx/containers/Container.hpp:165:23:virtual touchgfx::Drawable* touchgfx::Container::getFirstChild()	0	static
../../Appli/../../Appli/TouchGFX/generated/gui_generated/include/gui_generated/containers/ScrollWheelContainerBase.hpp:21:18:virtual void ScrollWheelContainerBase::scrollWheel1UpdateItem(MenuElement&, int16_t)	0	static
../../Appli/../../Appli/TouchGFX/generated/gui_generated/include/gui_generated/containers/ScrollWheelContainerBase.hpp:26:18:virtual void ScrollWheelContainerBase::scrollWheel1UpdateCenterItem(MenuElementSelected&, int16_t)	0	static
N:/STM32H7S78-DK/MyApplication_1/Appli/TouchGFX/generated/gui_generated/src/containers/ScrollWheelContainerBase.cpp:63:6:void ScrollWheelContainerBase::updateItemCallbackHandler(touchgfx::DrawableListItemsInterface*, int16_t, int16_t)	24	static
../../Appli/../../Appli/Middlewares/ST/touchgfx/framework/include/touchgfx/containers/scrollers/DrawableList.hpp:101:21:int16_t touchgfx::DrawableListItems<TYPE, SIZE>::getNumberOfDrawables() [with TYPE = MenuElement; int SIZE = 4]	0	static
../../Appli/../../Appli/Middlewares/ST/touchgfx/framework/include/touchgfx/containers/scrollers/DrawableList.hpp:101:21:int16_t touchgfx::DrawableListItems<TYPE, SIZE>::getNumberOfDrawables() [with TYPE = MenuElementSelected; int SIZE = 2]	0	static
../../Appli/../../Appli/Middlewares/ST/touchgfx/framework/include/touchgfx/Callback.hpp:218:8:touchgfx::Callback<ScrollWheelContainerBase, touchgfx::DrawableListItemsInterface*, short int, short int>::~Callback()	0	static
../../Appli/../../Appli/Middlewares/ST/touchgfx/framework/include/touchgfx/containers/scrollers/DrawableList.hpp:79:7:touchgfx::DrawableListItems<MenuElementSelected, 2>::~DrawableListItems()	8	static
../../Appli/../../Appli/Middlewares/ST/touchgfx/framework/include/touchgfx/containers/scrollers/DrawableList.hpp:79:7:touchgfx::DrawableListItems<MenuElement, 4>::~DrawableListItems()	16	static
N:/STM32H7S78-DK/MyApplication_1/Appli/TouchGFX/generated/gui_generated/src/containers/ScrollWheelContainerBase.cpp:45:1:ScrollWheelContainerBase::~ScrollWheelContainerBase()	8	static
../../Appli/../../Appli/Middlewares/ST/touchgfx/framework/include/touchgfx/Callback.hpp:250:18:void touchgfx::Callback<dest_type, T1, T2, T3>::execute(T1, T2, T3) [with dest_type = ScrollWheelContainerBase; T1 = touchgfx::DrawableListItemsInterface*; T2 = short int; T3 = short int]	16	static
../../Appli/../../Appli/Middlewares/ST/touchgfx/framework/include/touchgfx/Callback.hpp:260:18:bool touchgfx::Callback<dest_type, T1, T2, T3>::isValid() const [with dest_type = ScrollWheelContainerBase; T1 = touchgfx::DrawableListItemsInterface*; T2 = short int; T3 = short int]	0	static
../../Appli/../../Appli/Middlewares/ST/touchgfx/framework/include/touchgfx/containers/scrollers/DrawableList.hpp:79:7:virtual touchgfx::DrawableListItems<MenuElement, 4>::~DrawableListItems()	8	static
../../Appli/../../Appli/Middlewares/ST/touchgfx/framework/include/touchgfx/containers/scrollers/DrawableList.hpp:79:7:virtual touchgfx::DrawableListItems<MenuElementSelected, 2>::~DrawableListItems()	8	static
../../Appli/../../Appli/Middlewares/ST/touchgfx/framework/include/touchgfx/Callback.hpp:218:8:virtual touchgfx::Callback<ScrollWheelContainerBase, touchgfx::DrawableListItemsInterface*, short int, short int>::~Callback()	8	static
N:/STM32H7S78-DK/MyApplication_1/Appli/TouchGFX/generated/gui_generated/src/containers/ScrollWheelContainerBase.cpp:45:1:virtual ScrollWheelContainerBase::~ScrollWheelContainerBase()	8	static
../../Appli/../../Appli/Middlewares/ST/touchgfx/framework/include/touchgfx/Drawable.hpp:121:18:virtual void touchgfx::Drawable::invalidateContent() const	0	static
../../Appli/../../Appli/Middlewares/ST/touchgfx/framework/include/touchgfx/containers/scrollers/DrawableList.hpp:82:23:touchgfx::Drawable* touchgfx::DrawableListItems<TYPE, SIZE>::getDrawable(int16_t) [with TYPE = MenuElement; int SIZE = 4]	8	static
../../Appli/../../Appli/Middlewares/ST/touchgfx/framework/include/touchgfx/containers/scrollers/DrawableList.hpp:82:23:touchgfx::Drawable* touchgfx::DrawableListItems<TYPE, SIZE>::getDrawable(int16_t) [with TYPE = MenuElementSelected; int SIZE = 2]	8	static
../../Appli/../../Appli/Middlewares/ST/touchgfx/framework/include/touchgfx/widgets/Widget.hpp:45:18:virtual void touchgfx::Widget::getLastChild(int16_t, int16_t, touchgfx::Drawable**)	0	static
../../Appli/../../Appli/TouchGFX/generated/gui_generated/include/gui_generated/containers/ScrollWheelContainerBase.hpp:58:18:virtual void ScrollWheelContainerBase::emitIsAnimatingCallback(bool)	16	static
../../Appli/../../Appli/TouchGFX/generated/gui_generated/include/gui_generated/containers/ScrollWheelContainerBase.hpp:51:18:virtual void ScrollWheelContainerBase::emitTempUpdatedCallback(float)	16	static
N:/STM32H7S78-DK/MyApplication_1/Appli/TouchGFX/generated/gui_generated/src/containers/ScrollWheelContainerBase.cpp:50:6:virtual void ScrollWheelContainerBase::initialize()	16	static
../../Appli/../../Appli/Middlewares/ST/touchgfx/framework/include/touchgfx/Drawable.hpp:343:10:void touchgfx::Drawable::setXY(int16_t, int16_t)	16	static
../../Appli/../../Appli/Middlewares/ST/touchgfx/framework/include/touchgfx/widgets/Image.hpp:50:5:touchgfx::Image::Image(const touchgfx::Bitmap&)	8	static
N:/STM32H7S78-DK/MyApplication_1/Appli/TouchGFX/generated/gui_generated/src/containers/ScrollWheelContainerBase.cpp:7:1:ScrollWheelContainerBase::ScrollWheelContainerBase()	56	static
