../../Appli/../../Appli/Middlewares/ST/touchgfx/framework/include/touchgfx/Drawable.hpp:147:23:virtual touchgfx::Drawable* touchgfx::Drawable::getFirstChild()	0	static
../../Appli/../../Appli/Middlewares/ST/touchgfx/framework/include/touchgfx/Drawable.hpp:315:18:virtual void touchgfx::Drawable::setX(int16_t)	0	static
../../Appli/../../Appli/Middlewares/ST/touchgfx/framework/include/touchgfx/Drawable.hpp:327:18:virtual void touchgfx::Drawable::setY(int16_t)	0	static
../../Appli/../../Appli/Middlewares/ST/touchgfx/framework/include/touchgfx/Drawable.hpp:356:18:virtual void touchgfx::Drawable::setWidth(int16_t)	0	static
../../Appli/../../Appli/Middlewares/ST/touchgfx/framework/include/touchgfx/Drawable.hpp:368:18:virtual void touchgfx::Drawable::setHeight(int16_t)	0	static
../../Appli/../../Appli/Middlewares/ST/touchgfx/framework/include/touchgfx/Drawable.hpp:378:18:virtual void touchgfx::Drawable::childGeometryChanged()	0	static
../../Appli/../../Appli/Middlewares/ST/touchgfx/framework/include/touchgfx/Drawable.hpp:389:18:virtual void touchgfx::Drawable::handleClickEvent(const touchgfx::ClickEvent&)	0	static
../../Appli/../../Appli/Middlewares/ST/touchgfx/framework/include/touchgfx/Drawable.hpp:401:18:virtual void touchgfx::Drawable::handleGestureEvent(const touchgfx::GestureEvent&)	0	static
../../Appli/../../Appli/Middlewares/ST/touchgfx/framework/include/touchgfx/Drawable.hpp:490:18:virtual void touchgfx::Drawable::handleDragEvent(const touchgfx::DragEvent&)	0	static
../../Appli/../../Appli/Middlewares/ST/touchgfx/framework/include/touchgfx/Drawable.hpp:501:18:virtual void touchgfx::Drawable::handleTickEvent()	0	static
../../Appli/../../Appli/Middlewares/ST/touchgfx/framework/include/touchgfx/Drawable.hpp:588:18:virtual void touchgfx::Drawable::moveTo(int16_t, int16_t)	4	static
../../Appli/../../Appli/Middlewares/ST/touchgfx/framework/include/touchgfx/Drawable.hpp:703:18:virtual void touchgfx::Drawable::setupDrawChain(const touchgfx::Rect&, touchgfx::Drawable**)	0	static
../../Appli/../../Appli/Middlewares/ST/touchgfx/framework/include/touchgfx/containers/Container.hpp:165:23:virtual touchgfx::Drawable* touchgfx::Container::getFirstChild()	0	static
../../Appli/../../Appli/Middlewares/ST/touchgfx/framework/include/touchgfx/Screen.hpp:93:18:virtual void touchgfx::Screen::setupScreen()	0	static
../../Appli/../../Appli/Middlewares/ST/touchgfx/framework/include/touchgfx/Screen.hpp:104:18:virtual void touchgfx::Screen::afterTransition()	0	static
../../Appli/../../Appli/Middlewares/ST/touchgfx/framework/include/touchgfx/Screen.hpp:115:18:virtual void touchgfx::Screen::tearDownScreen()	0	static
../../Appli/../../Appli/Middlewares/ST/touchgfx/framework/include/touchgfx/Screen.hpp:144:18:virtual void touchgfx::Screen::handleTickEvent()	0	static
../../Appli/../../Appli/Middlewares/ST/touchgfx/framework/include/touchgfx/Screen.hpp:154:18:virtual void touchgfx::Screen::handleKeyEvent(uint8_t)	0	static
../../Appli/../../Appli/Middlewares/ST/touchgfx/framework/include/touchgfx/containers/buttons/AbstractButtonContainer.hpp:114:18:virtual void touchgfx::AbstractButtonContainer::handlePressedUpdated()	0	static
../../Appli/../../Appli/Middlewares/ST/touchgfx/framework/include/touchgfx/containers/buttons/AbstractButtonContainer.hpp:119:18:virtual void touchgfx::AbstractButtonContainer::handleAlphaUpdated()	0	static
../../Appli/../../Appli/Middlewares/ST/touchgfx/framework/include/touchgfx/containers/buttons/AbstractButtonContainer.hpp:34:7:touchgfx::AbstractButtonContainer::~AbstractButtonContainer()	0	static
../../Appli/../../Appli/Middlewares/ST/touchgfx/framework/include/touchgfx/TypedText.hpp:65:13:touchgfx::TypedText::~TypedText()	0	static
../../Appli/../../Appli/TouchGFX/generated/gui_generated/include/gui_generated/weather_screen/WeatherViewBase.hpp:29:18:virtual void WeatherViewBase::fahrenheitToggleClicked()	0	static
../../Appli/../../Appli/Middlewares/ST/touchgfx/framework/include/mvp/View.hpp:36:7:touchgfx::View<WeatherPresenter>::~View()	0	static
../../Appli/../../Appli/Middlewares/ST/touchgfx/framework/include/touchgfx/containers/buttons/ToggleButtonTrigger.hpp:36:7:touchgfx::ToggleButtonTrigger::~ToggleButtonTrigger()	0	static
../../Appli/../../Appli/Middlewares/ST/touchgfx/framework/include/touchgfx/containers/buttons/ImageButtonStyle.hpp:45:7:touchgfx::ImageButtonStyle<touchgfx::ToggleButtonTrigger>::~ImageButtonStyle()	0	static
../../Appli/../../Appli/Middlewares/ST/touchgfx/framework/include/touchgfx/Callback.hpp:357:8:touchgfx::Callback<WeatherViewBase, const touchgfx::AbstractButtonContainer&>::~Callback()	0	static
../../Appli/../../Appli/Middlewares/ST/touchgfx/framework/include/touchgfx/Callback.hpp:357:8:touchgfx::Callback<WeatherViewBase, const touchgfx::AbstractButton&>::~Callback()	0	static
../../Appli/../../Appli/Middlewares/ST/touchgfx/framework/include/touchgfx/mixins/FadeAnimator.hpp:41:7:touchgfx::FadeAnimator<touchgfx::ImageButtonStyle<touchgfx::ToggleButtonTrigger> >::~FadeAnimator()	0	static
../../Appli/../../Appli/Middlewares/ST/touchgfx/framework/include/touchgfx/Callback.hpp:386:18:void touchgfx::Callback<dest_type, T1, void, void>::execute(T1) [with dest_type = WeatherViewBase; T1 = const touchgfx::AbstractButtonContainer&]	8	static
../../Appli/../../Appli/Middlewares/ST/touchgfx/framework/include/touchgfx/Callback.hpp:396:18:bool touchgfx::Callback<dest_type, T1, void, void>::isValid() const [with dest_type = WeatherViewBase; T1 = const touchgfx::AbstractButtonContainer&]	0	static
../../Appli/../../Appli/Middlewares/ST/touchgfx/framework/include/touchgfx/Callback.hpp:386:18:void touchgfx::Callback<dest_type, T1, void, void>::execute(T1) [with dest_type = WeatherViewBase; T1 = const touchgfx::AbstractButton&]	8	static
../../Appli/../../Appli/Middlewares/ST/touchgfx/framework/include/touchgfx/Callback.hpp:396:18:bool touchgfx::Callback<dest_type, T1, void, void>::isValid() const [with dest_type = WeatherViewBase; T1 = const touchgfx::AbstractButton&]	0	static
../../Appli/../../Appli/Middlewares/ST/touchgfx/framework/include/touchgfx/containers/buttons/ImageButtonStyle.hpp:104:18:void touchgfx::ImageButtonStyle<T>::handleAlphaUpdated() [with T = touchgfx::ToggleButtonTrigger]	0	static
../../Appli/../../Appli/Middlewares/ST/touchgfx/framework/include/touchgfx/mixins/FadeAnimator.hpp:84:18:void touchgfx::FadeAnimator<T>::setFadeAnimationDelay(uint16_t) [with T = touchgfx::ImageButtonStyle<touchgfx::ToggleButtonTrigger>]	0	static
../../Appli/../../Appli/Middlewares/ST/touchgfx/framework/include/touchgfx/mixins/FadeAnimator.hpp:96:22:uint16_t touchgfx::FadeAnimator<T>::getFadeAnimationDelay() const [with T = touchgfx::ImageButtonStyle<touchgfx::ToggleButtonTrigger>]	0	static
../../Appli/../../Appli/Middlewares/ST/touchgfx/framework/include/touchgfx/containers/buttons/ImageButtonStyle.hpp:97:18:void touchgfx::ImageButtonStyle<T>::handlePressedUpdated() [with T = touchgfx::ToggleButtonTrigger]	0	static
../../Appli/../../Appli/Middlewares/ST/touchgfx/framework/include/touchgfx/TypedText.hpp:65:13:virtual touchgfx::TypedText::~TypedText()	8	static
../../Appli/../../Appli/Middlewares/ST/touchgfx/framework/include/mvp/View.hpp:36:7:virtual touchgfx::View<WeatherPresenter>::~View()	8	static
../../Appli/../../Appli/Middlewares/ST/touchgfx/framework/include/touchgfx/containers/buttons/AbstractButtonContainer.hpp:34:7:virtual touchgfx::AbstractButtonContainer::~AbstractButtonContainer()	8	static
../../Appli/../../Appli/Middlewares/ST/touchgfx/framework/include/touchgfx/containers/buttons/ToggleButtonTrigger.hpp:36:7:virtual touchgfx::ToggleButtonTrigger::~ToggleButtonTrigger()	8	static
../../Appli/../../Appli/Middlewares/ST/touchgfx/framework/include/touchgfx/containers/buttons/ImageButtonStyle.hpp:45:7:virtual touchgfx::ImageButtonStyle<touchgfx::ToggleButtonTrigger>::~ImageButtonStyle()	8	static
../../Appli/../../Appli/Middlewares/ST/touchgfx/framework/include/touchgfx/mixins/FadeAnimator.hpp:41:7:virtual touchgfx::FadeAnimator<touchgfx::ImageButtonStyle<touchgfx::ToggleButtonTrigger> >::~FadeAnimator()	8	static
../../Appli/../../Appli/Middlewares/ST/touchgfx/framework/include/touchgfx/Callback.hpp:357:8:virtual touchgfx::Callback<WeatherViewBase, const touchgfx::AbstractButton&>::~Callback()	8	static
../../Appli/../../Appli/Middlewares/ST/touchgfx/framework/include/touchgfx/Callback.hpp:357:8:virtual touchgfx::Callback<WeatherViewBase, const touchgfx::AbstractButtonContainer&>::~Callback()	8	static
N:/STM32H7S78-DK/MyApplication_1/Appli/TouchGFX/generated/gui_generated/src/weather_screen/WeatherViewBase.cpp:59:6:virtual void WeatherViewBase::setupScreen()	8	static
../../Appli/../../Appli/Middlewares/ST/touchgfx/framework/include/touchgfx/Drawable.hpp:121:18:virtual void touchgfx::Drawable::invalidateContent() const	0	static
../../Appli/../../Appli/Middlewares/ST/touchgfx/framework/include/touchgfx/containers/buttons/AbstractButtonContainer.hpp:99:18:virtual void touchgfx::AbstractButtonContainer::executeAction()	8	static
N:/STM32H7S78-DK/MyApplication_1/Appli/TouchGFX/generated/gui_generated/src/weather_screen/WeatherViewBase.cpp:79:6:void WeatherViewBase::flexButtonCallbackHandler(const touchgfx::AbstractButtonContainer&)	0	static
../../Appli/../../Appli/Middlewares/ST/touchgfx/framework/include/touchgfx/widgets/Widget.hpp:45:18:virtual void touchgfx::Widget::getLastChild(int16_t, int16_t, touchgfx::Drawable**)	0	static
../../Appli/../../Appli/Middlewares/ST/touchgfx/framework/include/touchgfx/containers/buttons/ToggleButtonTrigger.hpp:78:18:virtual void touchgfx::ToggleButtonTrigger::handleClickEvent(const touchgfx::ClickEvent&)	16	static
N:/STM32H7S78-DK/MyApplication_1/Appli/TouchGFX/generated/gui_generated/src/weather_screen/WeatherViewBase.cpp:68:6:void WeatherViewBase::buttonCallbackHandler(const touchgfx::AbstractButton&)	8	static
../../Appli/../../Appli/Middlewares/ST/touchgfx/framework/include/touchgfx/Drawable.hpp:343:10:void touchgfx::Drawable::setXY(int16_t, int16_t)	16	static
../../Appli/../../Appli/Middlewares/ST/touchgfx/framework/include/touchgfx/Drawable.hpp:413:10:void touchgfx::Drawable::setWidthHeight(int16_t, int16_t)	16	static
../../Appli/../../Appli/Middlewares/ST/touchgfx/framework/include/touchgfx/containers/buttons/ImageButtonStyle.hpp:61:18:void touchgfx::ImageButtonStyle<T>::setBitmaps(const touchgfx::Bitmap&, const touchgfx::Bitmap&) [with T = touchgfx::ToggleButtonTrigger]	16	static
../../Appli/../../Appli/Middlewares/ST/touchgfx/framework/include/touchgfx/widgets/Widget.hpp:36:7:touchgfx::Widget::Widget()	0	static
../../Appli/../../Appli/Middlewares/ST/touchgfx/framework/include/touchgfx/widgets/Image.hpp:50:5:touchgfx::Image::Image(const touchgfx::Bitmap&)	16	static
../../Appli/../../Appli/TouchGFX/gui/include/gui/containers/WeatherDaily.hpp:10:13:WeatherDaily::~WeatherDaily()	8	static
N:/STM32H7S78-DK/MyApplication_1/Appli/TouchGFX/generated/gui_generated/src/weather_screen/WeatherViewBase.cpp:54:1:WeatherViewBase::~WeatherViewBase()	8	static
N:/STM32H7S78-DK/MyApplication_1/Appli/TouchGFX/generated/gui_generated/src/weather_screen/WeatherViewBase.cpp:54:1:virtual WeatherViewBase::~WeatherViewBase()	8	static
../../Appli/../../Appli/TouchGFX/gui/include/gui/containers/WeatherDaily.hpp:10:13:virtual WeatherDaily::~WeatherDaily()	8	static
N:/STM32H7S78-DK/MyApplication_1/Appli/TouchGFX/generated/gui_generated/src/weather_screen/WeatherViewBase.cpp:9:1:WeatherViewBase::WeatherViewBase()	96	static
../../Appli/../../Appli/Middlewares/ST/touchgfx/framework/include/touchgfx/mixins/FadeAnimator.hpp:165:10:void touchgfx::FadeAnimator<T>::nextFadeAnimationStep() [with T = touchgfx::ImageButtonStyle<touchgfx::ToggleButtonTrigger>]	16	static
../../Appli/../../Appli/Middlewares/ST/touchgfx/framework/include/touchgfx/mixins/FadeAnimator.hpp:157:18:void touchgfx::FadeAnimator<T>::handleTickEvent() [with T = touchgfx::ImageButtonStyle<touchgfx::ToggleButtonTrigger>]	8	static
