N:/STM32H7S78-DK/1_LEDcontrol/Appli/Core/Src/stm32h7rsxx_hal_msp.c:66:6:HAL_MspInit	8	static
N:/STM32H7S78-DK/1_LEDcontrol/Appli/Core/Src/stm32h7rsxx_hal_msp.c:91:6:HAL_CRC_MspInit	8	static
N:/STM32H7S78-DK/1_LEDcontrol/Appli/Core/Src/stm32h7rsxx_hal_msp.c:113:6:HAL_CRC_MspDeInit	0	static
N:/STM32H7S78-DK/1_LEDcontrol/Appli/Core/Src/stm32h7rsxx_hal_msp.c:135:6:HAL_DMA2D_MspInit	8	static
N:/STM32H7S78-DK/1_LEDcontrol/Appli/Core/Src/stm32h7rsxx_hal_msp.c:159:6:HAL_DMA2D_MspDeInit	0	static
N:/STM32H7S78-DK/1_LEDcontrol/Appli/Core/Src/stm32h7rsxx_hal_msp.c:184:6:HAL_GPU2D_MspInit	16	static
N:/STM32H7S78-DK/1_LEDcontrol/Appli/Core/Src/stm32h7rsxx_hal_msp.c:211:6:HAL_GPU2D_MspDeInit	8	static
N:/STM32H7S78-DK/1_LEDcontrol/Appli/Core/Src/stm32h7rsxx_hal_msp.c:237:6:HAL_I2C_MspInit	168	static
N:/STM32H7S78-DK/1_LEDcontrol/Appli/Core/Src/stm32h7rsxx_hal_msp.c:283:6:HAL_I2C_MspDeInit	8	static
N:/STM32H7S78-DK/1_LEDcontrol/Appli/Core/Src/stm32h7rsxx_hal_msp.c:314:6:HAL_JPEG_MspInit	32	static
N:/STM32H7S78-DK/1_LEDcontrol/Appli/Core/Src/stm32h7rsxx_hal_msp.c:403:6:HAL_JPEG_MspDeInit	8	static
N:/STM32H7S78-DK/1_LEDcontrol/Appli/Core/Src/stm32h7rsxx_hal_msp.c:432:6:HAL_LTDC_MspInit	200	static
N:/STM32H7S78-DK/1_LEDcontrol/Appli/Core/Src/stm32h7rsxx_hal_msp.c:577:6:HAL_LTDC_MspDeInit	8	static
