../../Appli/../../Appli/TouchGFX/gui/include/gui/model/ModelListener.hpp:18:18:virtual void ModelListener::updateTemperature(Rooms, float)	0	static
../../Appli/../../Appli/TouchGFX/gui/include/gui/model/ModelListener.hpp:19:18:virtual void ModelListener::updateHumidity(Rooms, float)	0	static
../../Appli/../../Appli/TouchGFX/gui/include/gui/model/ModelListener.hpp:20:18:virtual void ModelListener::updateFanMode(Rooms, HVAC_FanMode_t)	0	static
../../Appli/../../Appli/TouchGFX/gui/include/gui/model/ModelListener.hpp:21:18:virtual void ModelListener::transmissionIsDone()	0	static
../../Appli/../../Appli/TouchGFX/gui/include/gui/model/ModelListener.hpp:23:18:virtual void ModelListener::updateTempSetPoint(Rooms, float)	0	static
../../Appli/../../Appli/TouchGFX/gui/include/gui/model/ModelListener.hpp:24:18:virtual void ModelListener::updateFanSetPoint(Rooms, HVAC_FanMode_t)	0	static
../../Appli/../../Appli/TouchGFX/gui/include/gui/model/ModelListener.hpp:25:18:virtual void ModelListener::updateWeatherData(WeatherData, bool)	0	static
../../Appli/../../Appli/TouchGFX/gui/include/gui/graph_screen/GraphPresenter.hpp:28:13:GraphPresenter::~GraphPresenter()	0	static
N:/STM32H7S78-DK/MyApplication_1/Appli/TouchGFX/gui/src/graph_screen/GraphPresenter.cpp:10:6:virtual void GraphPresenter::activate()	0	static
../../Appli/../../Appli/TouchGFX/gui/include/gui/graph_screen/GraphPresenter.hpp:28:13:virtual GraphPresenter::~GraphPresenter()	8	static
N:/STM32H7S78-DK/MyApplication_1/Appli/TouchGFX/gui/src/graph_screen/GraphPresenter.cpp:20:6:virtual void GraphPresenter::updateClock(uint8_t, uint8_t)	0	static
N:/STM32H7S78-DK/MyApplication_1/Appli/TouchGFX/gui/src/graph_screen/GraphPresenter.cpp:25:6:virtual void GraphPresenter::sampleGraphData(BufferSample)	24	static
../../Appli/../../Appli/TouchGFX/gui/include/gui/graph_screen/GraphPresenter.hpp:28:13:virtual void* GraphPresenter::_ZThn4_N14GraphPresenterD1Ev()	0	static
N:/STM32H7S78-DK/MyApplication_1/Appli/TouchGFX/gui/src/graph_screen/GraphPresenter.cpp:4:1:GraphPresenter::GraphPresenter(GraphView&)	0	static
N:/STM32H7S78-DK/MyApplication_1/Appli/TouchGFX/gui/src/graph_screen/GraphPresenter.cpp:30:7:float GraphPresenter::getRoomTemperature(Rooms)	0	static
N:/STM32H7S78-DK/MyApplication_1/Appli/TouchGFX/gui/src/graph_screen/GraphPresenter.cpp:35:7:float GraphPresenter::getRoomHumidity(Rooms)	0	static
N:/STM32H7S78-DK/MyApplication_1/Appli/TouchGFX/gui/src/graph_screen/GraphPresenter.cpp:40:16:HVAC_FanMode_t GraphPresenter::getRoomFanMode(Rooms)	0	static
N:/STM32H7S78-DK/MyApplication_1/Appli/TouchGFX/gui/src/graph_screen/GraphPresenter.cpp:45:6:bool GraphPresenter::getIsFahrenheit()	0	static
N:/STM32H7S78-DK/MyApplication_1/Appli/TouchGFX/gui/src/graph_screen/GraphPresenter.cpp:50:6:void GraphPresenter::setIsFahrenheit(bool)	0	static
N:/STM32H7S78-DK/MyApplication_1/Appli/TouchGFX/gui/src/graph_screen/GraphPresenter.cpp:55:7:Rooms GraphPresenter::getSelectedRoom()	0	static
N:/STM32H7S78-DK/MyApplication_1/Appli/TouchGFX/gui/src/graph_screen/GraphPresenter.cpp:60:9:uint8_t GraphPresenter::getClockHour()	0	static
N:/STM32H7S78-DK/MyApplication_1/Appli/TouchGFX/gui/src/graph_screen/GraphPresenter.cpp:65:9:uint8_t GraphPresenter::getClockMinute()	0	static
N:/STM32H7S78-DK/MyApplication_1/Appli/TouchGFX/gui/src/graph_screen/GraphPresenter.cpp:70:6:void GraphPresenter::getRoomBuffer(Rooms, BufferSample*, uint8_t&)	0	static
N:/STM32H7S78-DK/MyApplication_1/Appli/TouchGFX/gui/src/graph_screen/GraphPresenter.cpp:75:6:void GraphPresenter::setSelectedRoom(Rooms)	0	static
