../../Appli/../../Appli/Middlewares/ST/touchgfx/framework/include/touchgfx/Screen.hpp:104:18:virtual void touchgfx::Screen::afterTransition()	0	static
../../Appli/../../Appli/Middlewares/ST/touchgfx/framework/include/touchgfx/Screen.hpp:154:18:virtual void touchgfx::Screen::handleKeyEvent(uint8_t)	0	static
../../Appli/../../Appli/Middlewares/ST/touchgfx/framework/include/touchgfx/TypedText.hpp:65:13:touchgfx::TypedText::~TypedText()	0	static
N:/STM32H7S78-DK/MyApplication_1/Appli/TouchGFX/gui/src/main_screen/MainView.cpp:51:6:virtual void MainView::tearDownScreen()	0	static
../../Appli/../../Appli/Middlewares/ST/touchgfx/framework/include/touchgfx/TypedText.hpp:65:13:virtual touchgfx::TypedText::~TypedText()	8	static
N:/STM32H7S78-DK/MyApplication_1/Appli/TouchGFX/gui/src/main_screen/MainView.cpp:157:6:virtual void MainView::fanModeChanged(HVAC_FanMode_t)	16	static
N:/STM32H7S78-DK/MyApplication_1/Appli/TouchGFX/gui/src/main_screen/MainView.cpp:177:6:virtual void MainView::temperatureChanged(float)	24	static
N:/STM32H7S78-DK/MyApplication_1/Appli/TouchGFX/gui/src/main_screen/MainView.cpp:190:6:virtual void MainView::graphButtonClicked(Rooms)	8	static
../../Appli/../../Appli/TouchGFX/gui/include/gui/main_screen/MainView.hpp:11:13:MainView::~MainView()	8	static
../../Appli/../../Appli/TouchGFX/gui/include/gui/main_screen/MainView.hpp:11:13:virtual MainView::~MainView()	8	static
../../Appli/../../Appli/Middlewares/ST/touchgfx/framework/include/touchgfx/Drawable.hpp:121:18:virtual void touchgfx::Drawable::invalidateContent() const	0	static
../../Appli/../../Appli/Middlewares/ST/touchgfx/framework/include/touchgfx/containers/buttons/AbstractButtonContainer.hpp:70:10:void touchgfx::AbstractButtonContainer::setAlpha(uint8_t)	0	static
N:/STM32H7S78-DK/MyApplication_1/Appli/TouchGFX/gui/src/main_screen/MainView.cpp:4:1:MainView::MainView()	8	static
N:/STM32H7S78-DK/MyApplication_1/Appli/TouchGFX/gui/src/main_screen/MainView.cpp:196:6:void MainView::updateRoomTemperature(Rooms, float)	16	static
N:/STM32H7S78-DK/MyApplication_1/Appli/TouchGFX/gui/src/main_screen/MainView.cpp:214:6:void MainView::updateRoomHumidity(Rooms, float)	0	static
N:/STM32H7S78-DK/MyApplication_1/Appli/TouchGFX/gui/src/main_screen/MainView.cpp:232:6:void MainView::updateRoomFanMode(Rooms, HVAC_FanMode_t)	0	static
../../Appli/../../Appli/Middlewares/ST/touchgfx/framework/include/touchgfx/mixins/MoveAnimator.hpp:131:10:void touchgfx::MoveAnimator<T>::startMoveAnimation(int16_t, int16_t, uint16_t, touchgfx::EasingEquation, touchgfx::EasingEquation) [with T = touchgfx::Container]	32	static
N:/STM32H7S78-DK/MyApplication_1/Appli/TouchGFX/gui/src/main_screen/MainView.cpp:131:6:virtual void MainView::resetRoomCards()	32	static
../../Appli/../../Appli/Middlewares/ST/touchgfx/framework/include/touchgfx/mixins/FadeAnimator.hpp:122:10:void touchgfx::FadeAnimator<T>::startFadeAnimation(uint8_t, uint16_t, touchgfx::EasingEquation) [with T = touchgfx::Image]	24	static
N:/STM32H7S78-DK/MyApplication_1/Appli/TouchGFX/gui/src/main_screen/MainView.cpp:183:6:virtual void MainView::temperatureAnimationDone()	16	static
N:/STM32H7S78-DK/MyApplication_1/Appli/TouchGFX/gui/src/main_screen/MainView.cpp:285:6:void MainView::setSelectedRoom(Rooms)	16	static
N:/STM32H7S78-DK/MyApplication_1/Appli/TouchGFX/gui/src/main_screen/MainView.cpp:56:6:virtual void MainView::handleTickEvent()	32	static
N:/STM32H7S78-DK/MyApplication_1/Appli/TouchGFX/gui/src/main_screen/MainView.cpp:250:6:void MainView::updateClock(uint8_t, uint8_t)	16	static
N:/STM32H7S78-DK/MyApplication_1/Appli/TouchGFX/gui/src/main_screen/MainView.cpp:269:6:void MainView::setTemperatures()	216	static
N:/STM32H7S78-DK/MyApplication_1/Appli/TouchGFX/gui/src/main_screen/MainView.cpp:124:6:virtual void MainView::fahrenheitToggleClicked()	16	static
N:/STM32H7S78-DK/MyApplication_1/Appli/TouchGFX/gui/src/main_screen/MainView.cpp:97:6:virtual void MainView::kitchenCardButtonClicked()	24	static
N:/STM32H7S78-DK/MyApplication_1/Appli/TouchGFX/gui/src/main_screen/MainView.cpp:106:6:virtual void MainView::livingroomCardButtonClicked()	24	static
N:/STM32H7S78-DK/MyApplication_1/Appli/TouchGFX/gui/src/main_screen/MainView.cpp:115:6:virtual void MainView::bedroomCardButtonClicked()	24	static
N:/STM32H7S78-DK/MyApplication_1/Appli/TouchGFX/gui/src/main_screen/MainView.cpp:257:6:void MainView::updateCurrentWeather(WeatherData, bool)	16	static
N:/STM32H7S78-DK/MyApplication_1/Appli/TouchGFX/gui/src/main_screen/MainView.cpp:11:6:virtual void MainView::setupScreen()	248	static
