../../Appli/../../Appli/TouchGFX/gui/include/gui/model/ModelListener.hpp:21:18:virtual void ModelListener::transmissionIsDone()	0	static
../../Appli/../../Appli/TouchGFX/gui/include/gui/model/ModelListener.hpp:23:18:virtual void ModelListener::updateTempSetPoint(Rooms, float)	0	static
../../Appli/../../Appli/TouchGFX/gui/include/gui/model/ModelListener.hpp:24:18:virtual void ModelListener::updateFanSetPoint(Rooms, HVAC_FanMode_t)	0	static
../../Appli/../../Appli/TouchGFX/gui/include/gui/model/ModelListener.hpp:26:18:virtual void ModelListener::sampleGraphData(BufferSample)	16	static
../../Appli/../../Appli/TouchGFX/gui/include/gui/main_screen/MainPresenter.hpp:28:13:MainPresenter::~MainPresenter()	0	static
N:/STM32H7S78-DK/MyApplication_1/Appli/TouchGFX/gui/src/main_screen/MainPresenter.cpp:10:6:virtual void MainPresenter::activate()	0	static
../../Appli/../../Appli/TouchGFX/gui/include/gui/main_screen/MainPresenter.hpp:28:13:virtual MainPresenter::~MainPresenter()	8	static
N:/STM32H7S78-DK/MyApplication_1/Appli/TouchGFX/gui/src/main_screen/MainPresenter.cpp:20:6:virtual void MainPresenter::updateTemperature(Rooms, float)	0	static
N:/STM32H7S78-DK/MyApplication_1/Appli/TouchGFX/gui/src/main_screen/MainPresenter.cpp:25:6:virtual void MainPresenter::updateHumidity(Rooms, float)	0	static
N:/STM32H7S78-DK/MyApplication_1/Appli/TouchGFX/gui/src/main_screen/MainPresenter.cpp:30:6:virtual void MainPresenter::updateFanMode(Rooms, HVAC_FanMode_t)	0	static
N:/STM32H7S78-DK/MyApplication_1/Appli/TouchGFX/gui/src/main_screen/MainPresenter.cpp:35:6:virtual void MainPresenter::updateClock(uint8_t, uint8_t)	0	static
N:/STM32H7S78-DK/MyApplication_1/Appli/TouchGFX/gui/src/main_screen/MainPresenter.cpp:40:6:virtual void MainPresenter::updateWeatherData(WeatherData, bool)	104	static
../../Appli/../../Appli/TouchGFX/gui/include/gui/main_screen/MainPresenter.hpp:28:13:virtual void* MainPresenter::_ZThn4_N13MainPresenterD1Ev()	0	static
N:/STM32H7S78-DK/MyApplication_1/Appli/TouchGFX/gui/src/main_screen/MainPresenter.cpp:4:1:MainPresenter::MainPresenter(MainView&)	0	static
N:/STM32H7S78-DK/MyApplication_1/Appli/TouchGFX/gui/src/main_screen/MainPresenter.cpp:45:7:float MainPresenter::getRoomTemperature(Rooms)	0	static
N:/STM32H7S78-DK/MyApplication_1/Appli/TouchGFX/gui/src/main_screen/MainPresenter.cpp:50:7:float MainPresenter::getRoomHumidity(Rooms)	0	static
N:/STM32H7S78-DK/MyApplication_1/Appli/TouchGFX/gui/src/main_screen/MainPresenter.cpp:55:16:HVAC_FanMode_t MainPresenter::getRoomFanMode(Rooms)	0	static
N:/STM32H7S78-DK/MyApplication_1/Appli/TouchGFX/gui/src/main_screen/MainPresenter.cpp:60:6:void MainPresenter::setRoomTempSetPoint(Rooms, float)	0	static
N:/STM32H7S78-DK/MyApplication_1/Appli/TouchGFX/gui/src/main_screen/MainPresenter.cpp:65:6:void MainPresenter::setRoomFanSetPoint(Rooms, HVAC_FanMode_t)	0	static
N:/STM32H7S78-DK/MyApplication_1/Appli/TouchGFX/gui/src/main_screen/MainPresenter.cpp:70:6:bool MainPresenter::getIsFahrenheit()	0	static
N:/STM32H7S78-DK/MyApplication_1/Appli/TouchGFX/gui/src/main_screen/MainPresenter.cpp:75:6:void MainPresenter::setIsFahrenheit(bool)	0	static
N:/STM32H7S78-DK/MyApplication_1/Appli/TouchGFX/gui/src/main_screen/MainPresenter.cpp:80:7:Rooms MainPresenter::getSelectedRoom()	0	static
N:/STM32H7S78-DK/MyApplication_1/Appli/TouchGFX/gui/src/main_screen/MainPresenter.cpp:85:6:void MainPresenter::setSelectedRoom(Rooms)	0	static
N:/STM32H7S78-DK/MyApplication_1/Appli/TouchGFX/gui/src/main_screen/MainPresenter.cpp:90:7:float MainPresenter::getRoomTempSetPoint(Rooms)	0	static
N:/STM32H7S78-DK/MyApplication_1/Appli/TouchGFX/gui/src/main_screen/MainPresenter.cpp:95:16:HVAC_FanMode_t MainPresenter::getRoomFanSetPoint(Rooms)	0	static
N:/STM32H7S78-DK/MyApplication_1/Appli/TouchGFX/gui/src/main_screen/MainPresenter.cpp:100:13:WeatherData MainPresenter::getWeatherData()	8	static
N:/STM32H7S78-DK/MyApplication_1/Appli/TouchGFX/gui/src/main_screen/MainPresenter.cpp:105:9:uint8_t MainPresenter::getClockHour()	0	static
N:/STM32H7S78-DK/MyApplication_1/Appli/TouchGFX/gui/src/main_screen/MainPresenter.cpp:110:9:uint8_t MainPresenter::getClockMinute()	0	static
