C:\ST\STM32CubeIDE_1.14.1\STM32CubeIDE\plugins\com.st.stm32cube.ide.mcu.externaltools.gnu-tools-for-stm32.12.3.rel1.win32_1.0.100.202403111256\tools\arm-none-eabi\include\c++\12.3.1\bits\stl_algobase.h:611:5:_OI std::copy(_II, _II, _OI) [with _II = BufferSample*; _OI = BufferSample*]	0	static
N:/STM32H7S78-DK/MyApplication_1/Appli/TouchGFX/gui/src/model/Model.cpp:114:7:float Model::getRoomTemperature(Rooms)	0	static
N:/STM32H7S78-DK/MyApplication_1/Appli/TouchGFX/gui/src/model/Model.cpp:132:7:float Model::getRoomHumidity(Rooms)	0	static
N:/STM32H7S78-DK/MyApplication_1/Appli/TouchGFX/gui/src/model/Model.cpp:150:16:HVAC_FanMode_t Model::getRoomFanMode(Rooms)	0	static
N:/STM32H7S78-DK/MyApplication_1/Appli/TouchGFX/gui/src/model/Model.cpp:168:6:void Model::setRoomTempSetPoint(Rooms, float)	0	static
N:/STM32H7S78-DK/MyApplication_1/Appli/TouchGFX/gui/src/model/Model.cpp:209:6:void Model::setRoomFanSetPoint(Rooms, HVAC_FanMode_t)	16	static
N:/STM32H7S78-DK/MyApplication_1/Appli/TouchGFX/gui/src/model/Model.cpp:248:6:bool Model::getIsFahrenheit()	0	static
N:/STM32H7S78-DK/MyApplication_1/Appli/TouchGFX/gui/src/model/Model.cpp:253:6:void Model::setIsFahrenheit(bool)	0	static
N:/STM32H7S78-DK/MyApplication_1/Appli/TouchGFX/gui/src/model/Model.cpp:258:7:Rooms Model::getSelectedRoom()	0	static
N:/STM32H7S78-DK/MyApplication_1/Appli/TouchGFX/gui/src/model/Model.cpp:263:6:void Model::setSelectedRoom(Rooms)	0	static
N:/STM32H7S78-DK/MyApplication_1/Appli/TouchGFX/gui/src/model/Model.cpp:268:7:float Model::getRoomTempSetPoint(Rooms)	0	static
N:/STM32H7S78-DK/MyApplication_1/Appli/TouchGFX/gui/src/model/Model.cpp:286:16:HVAC_FanMode_t Model::getRoomFanSetPoint(Rooms)	0	static
N:/STM32H7S78-DK/MyApplication_1/Appli/TouchGFX/gui/src/model/Model.cpp:304:13:WeatherData Model::getWeatherData()	8	static
N:/STM32H7S78-DK/MyApplication_1/Appli/TouchGFX/gui/src/model/Model.cpp:309:9:uint8_t Model::getClockHour()	0	static
N:/STM32H7S78-DK/MyApplication_1/Appli/TouchGFX/gui/src/model/Model.cpp:314:9:uint8_t Model::getClockMinute()	0	static
N:/STM32H7S78-DK/MyApplication_1/Appli/TouchGFX/gui/src/model/Model.cpp:319:6:void Model::getRoomBuffer(Rooms, BufferSample*, uint8_t&)	4	static
N:/STM32H7S78-DK/MyApplication_1/Appli/TouchGFX/gui/src/model/Model.cpp:473:10:uint16_t Model::getBitmapFromWeatherCode(uint16_t, bool)	0	static
N:/STM32H7S78-DK/MyApplication_1/Appli/TouchGFX/gui/src/model/Model.cpp:7:1:Model::Model()	16	static
N:/STM32H7S78-DK/MyApplication_1/Appli/TouchGFX/gui/src/model/Model.cpp:538:10:uint16_t Model::getTextFromWeatherCode(uint16_t)	0	static
N:/STM32H7S78-DK/MyApplication_1/Appli/TouchGFX/gui/src/model/Model.cpp:340:6:void Model::checkForIncomingData()	120	static
N:/STM32H7S78-DK/MyApplication_1/Appli/TouchGFX/gui/src/model/Model.cpp:603:6:void Model::insertBufferSample(BufferSample*, uint8_t&, const BufferSample&)	24	static
N:/STM32H7S78-DK/MyApplication_1/Appli/TouchGFX/gui/src/model/Model.cpp:47:6:void Model::tick()	16	static
