../../Appli/../../Appli/Middlewares/ST/touchgfx/framework/include/touchgfx/Drawable.hpp:315:18:virtual void touchgfx::Drawable::setX(int16_t)	0	static
../../Appli/../../Appli/Middlewares/ST/touchgfx/framework/include/touchgfx/Drawable.hpp:327:18:virtual void touchgfx::Drawable::setY(int16_t)	0	static
../../Appli/../../Appli/Middlewares/ST/touchgfx/framework/include/touchgfx/Drawable.hpp:356:18:virtual void touchgfx::Drawable::setWidth(int16_t)	0	static
../../Appli/../../Appli/Middlewares/ST/touchgfx/framework/include/touchgfx/Drawable.hpp:368:18:virtual void touchgfx::Drawable::setHeight(int16_t)	0	static
../../Appli/../../Appli/Middlewares/ST/touchgfx/framework/include/touchgfx/Drawable.hpp:378:18:virtual void touchgfx::Drawable::childGeometryChanged()	0	static
../../Appli/../../Appli/Middlewares/ST/touchgfx/framework/include/touchgfx/Drawable.hpp:389:18:virtual void touchgfx::Drawable::handleClickEvent(const touchgfx::ClickEvent&)	0	static
../../Appli/../../Appli/Middlewares/ST/touchgfx/framework/include/touchgfx/Drawable.hpp:401:18:virtual void touchgfx::Drawable::handleGestureEvent(const touchgfx::GestureEvent&)	0	static
../../Appli/../../Appli/Middlewares/ST/touchgfx/framework/include/touchgfx/Drawable.hpp:490:18:virtual void touchgfx::Drawable::handleDragEvent(const touchgfx::DragEvent&)	0	static
../../Appli/../../Appli/Middlewares/ST/touchgfx/framework/include/touchgfx/Drawable.hpp:501:18:virtual void touchgfx::Drawable::handleTickEvent()	0	static
../../Appli/../../Appli/Middlewares/ST/touchgfx/framework/include/touchgfx/Drawable.hpp:588:18:virtual void touchgfx::Drawable::moveTo(int16_t, int16_t)	4	static
../../Appli/../../Appli/Middlewares/ST/touchgfx/framework/include/touchgfx/containers/Container.hpp:165:23:virtual touchgfx::Drawable* touchgfx::Container::getFirstChild()	0	static
../../Appli/../../Appli/TouchGFX/gui/include/gui/containers/PerformanceMeasure.hpp:10:13:PerformanceMeasure::~PerformanceMeasure()	8	static
../../Appli/../../Appli/TouchGFX/gui/include/gui/containers/PerformanceMeasure.hpp:10:13:virtual PerformanceMeasure::~PerformanceMeasure()	8	static
../../Appli/../../Appli/Middlewares/ST/touchgfx/framework/include/touchgfx/Drawable.hpp:121:18:virtual void touchgfx::Drawable::invalidateContent() const	0	static
N:/STM32H7S78-DK/MyApplication_1/Appli/TouchGFX/gui/src/containers/PerformanceMeasure.cpp:3:1:PerformanceMeasure::PerformanceMeasure()	8	static
N:/STM32H7S78-DK/MyApplication_1/Appli/TouchGFX/gui/src/containers/PerformanceMeasure.cpp:18:6:void PerformanceMeasure::updateMCULoad()	8	static
N:/STM32H7S78-DK/MyApplication_1/Appli/TouchGFX/gui/src/containers/PerformanceMeasure.cpp:30:6:void PerformanceMeasure::countTheFrames()	8	static
N:/STM32H7S78-DK/MyApplication_1/Appli/TouchGFX/gui/src/containers/PerformanceMeasure.cpp:13:6:virtual void PerformanceMeasure::initialize()	0	static
