../../Appli/../../Appli/Middlewares/ST/touchgfx/framework/include/touchgfx/Drawable.hpp:315:18:virtual void touchgfx::Drawable::setX(int16_t)	0	static
../../Appli/../../Appli/Middlewares/ST/touchgfx/framework/include/touchgfx/Drawable.hpp:327:18:virtual void touchgfx::Drawable::setY(int16_t)	0	static
../../Appli/../../Appli/Middlewares/ST/touchgfx/framework/include/touchgfx/Drawable.hpp:356:18:virtual void touchgfx::Drawable::setWidth(int16_t)	0	static
../../Appli/../../Appli/Middlewares/ST/touchgfx/framework/include/touchgfx/Drawable.hpp:368:18:virtual void touchgfx::Drawable::setHeight(int16_t)	0	static
../../Appli/../../Appli/Middlewares/ST/touchgfx/framework/include/touchgfx/Drawable.hpp:378:18:virtual void touchgfx::Drawable::childGeometryChanged()	0	static
../../Appli/../../Appli/Middlewares/ST/touchgfx/framework/include/touchgfx/Drawable.hpp:389:18:virtual void touchgfx::Drawable::handleClickEvent(const touchgfx::ClickEvent&)	0	static
../../Appli/../../Appli/Middlewares/ST/touchgfx/framework/include/touchgfx/Drawable.hpp:401:18:virtual void touchgfx::Drawable::handleGestureEvent(const touchgfx::GestureEvent&)	0	static
../../Appli/../../Appli/Middlewares/ST/touchgfx/framework/include/touchgfx/Drawable.hpp:490:18:virtual void touchgfx::Drawable::handleDragEvent(const touchgfx::DragEvent&)	0	static
../../Appli/../../Appli/Middlewares/ST/touchgfx/framework/include/touchgfx/Drawable.hpp:588:18:virtual void touchgfx::Drawable::moveTo(int16_t, int16_t)	4	static
../../Appli/../../Appli/Middlewares/ST/touchgfx/framework/include/touchgfx/containers/Container.hpp:165:23:virtual touchgfx::Drawable* touchgfx::Container::getFirstChild()	0	static
N:/STM32H7S78-DK/MyApplication_1/Appli/TouchGFX/gui/src/containers/ScrollWheelContainer.cpp:35:6:void ScrollWheelContainer::scrollWheelAnimateToHandler(int16_t)	0	static
../../Appli/../../Appli/Middlewares/ST/touchgfx/framework/include/touchgfx/Callback.hpp:357:8:touchgfx::Callback<ScrollWheelContainer, short int>::~Callback()	0	static
../../Appli/../../Appli/Middlewares/ST/touchgfx/framework/include/touchgfx/Callback.hpp:386:18:void touchgfx::Callback<dest_type, T1, void, void>::execute(T1) [with dest_type = ScrollWheelContainer; T1 = short int]	8	static
../../Appli/../../Appli/Middlewares/ST/touchgfx/framework/include/touchgfx/Callback.hpp:396:18:bool touchgfx::Callback<dest_type, T1, void, void>::isValid() const [with dest_type = ScrollWheelContainer; T1 = short int]	0	static
../../Appli/../../Appli/Middlewares/ST/touchgfx/framework/include/touchgfx/Callback.hpp:357:8:virtual touchgfx::Callback<ScrollWheelContainer, short int>::~Callback()	8	static
N:/STM32H7S78-DK/MyApplication_1/Appli/TouchGFX/gui/src/containers/ScrollWheelContainer.cpp:19:6:virtual void ScrollWheelContainer::handleTickEvent()	16	static
N:/STM32H7S78-DK/MyApplication_1/Appli/TouchGFX/gui/src/containers/ScrollWheelContainer.cpp:24:6:virtual void ScrollWheelContainer::scrollWheel1UpdateItem(MenuElement&, int16_t)	0	static
N:/STM32H7S78-DK/MyApplication_1/Appli/TouchGFX/gui/src/containers/ScrollWheelContainer.cpp:29:6:virtual void ScrollWheelContainer::scrollWheel1UpdateCenterItem(MenuElementSelected&, int16_t)	0	static
../../Appli/../../Appli/TouchGFX/gui/include/gui/containers/ScrollWheelContainer.hpp:10:13:ScrollWheelContainer::~ScrollWheelContainer()	8	static
../../Appli/../../Appli/TouchGFX/gui/include/gui/containers/ScrollWheelContainer.hpp:10:13:virtual ScrollWheelContainer::~ScrollWheelContainer()	8	static
../../Appli/../../Appli/Middlewares/ST/touchgfx/framework/include/touchgfx/Drawable.hpp:121:18:virtual void touchgfx::Drawable::invalidateContent() const	0	static
../../Appli/../../Appli/TouchGFX/generated/gui_generated/include/gui_generated/containers/ScrollWheelContainerBase.hpp:58:18:virtual void ScrollWheelContainerBase::emitIsAnimatingCallback(bool)	16	static
../../Appli/../../Appli/TouchGFX/generated/gui_generated/include/gui_generated/containers/ScrollWheelContainerBase.hpp:51:18:virtual void ScrollWheelContainerBase::emitTempUpdatedCallback(float)	16	static
N:/STM32H7S78-DK/MyApplication_1/Appli/TouchGFX/gui/src/containers/ScrollWheelContainer.cpp:5:1:ScrollWheelContainer::ScrollWheelContainer()	8	static
N:/STM32H7S78-DK/MyApplication_1/Appli/TouchGFX/gui/src/containers/ScrollWheelContainer.cpp:11:6:virtual void ScrollWheelContainer::initialize()	8	static
N:/STM32H7S78-DK/MyApplication_1/Appli/TouchGFX/gui/src/containers/ScrollWheelContainer.cpp:51:6:virtual void ScrollWheelContainer::setTempValue(float, bool)	16	static
