../../Appli/../../Appli/Middlewares/ST/touchgfx/framework/include/touchgfx/Drawable.hpp:315:18:virtual void touchgfx::Drawable::setX(int16_t)	0	static
../../Appli/../../Appli/Middlewares/ST/touchgfx/framework/include/touchgfx/Drawable.hpp:327:18:virtual void touchgfx::Drawable::setY(int16_t)	0	static
../../Appli/../../Appli/Middlewares/ST/touchgfx/framework/include/touchgfx/Drawable.hpp:356:18:virtual void touchgfx::Drawable::setWidth(int16_t)	0	static
../../Appli/../../Appli/Middlewares/ST/touchgfx/framework/include/touchgfx/Drawable.hpp:368:18:virtual void touchgfx::Drawable::setHeight(int16_t)	0	static
../../Appli/../../Appli/Middlewares/ST/touchgfx/framework/include/touchgfx/Drawable.hpp:378:18:virtual void touchgfx::Drawable::childGeometryChanged()	0	static
../../Appli/../../Appli/Middlewares/ST/touchgfx/framework/include/touchgfx/Drawable.hpp:389:18:virtual void touchgfx::Drawable::handleClickEvent(const touchgfx::ClickEvent&)	0	static
../../Appli/../../Appli/Middlewares/ST/touchgfx/framework/include/touchgfx/Drawable.hpp:401:18:virtual void touchgfx::Drawable::handleGestureEvent(const touchgfx::GestureEvent&)	0	static
../../Appli/../../Appli/Middlewares/ST/touchgfx/framework/include/touchgfx/Drawable.hpp:490:18:virtual void touchgfx::Drawable::handleDragEvent(const touchgfx::DragEvent&)	0	static
../../Appli/../../Appli/Middlewares/ST/touchgfx/framework/include/touchgfx/Drawable.hpp:588:18:virtual void touchgfx::Drawable::moveTo(int16_t, int16_t)	4	static
../../Appli/../../Appli/Middlewares/ST/touchgfx/framework/include/touchgfx/containers/Container.hpp:165:23:virtual touchgfx::Drawable* touchgfx::Container::getFirstChild()	0	static
../../Appli/../../Appli/Middlewares/ST/touchgfx/framework/include/touchgfx/TypedText.hpp:65:13:touchgfx::TypedText::~TypedText()	0	static
N:/STM32H7S78-DK/MyApplication_1/Appli/TouchGFX/gui/src/containers/SetTempAndFan.cpp:129:6:virtual void SetTempAndFan::scrollWheelIsAnimating(bool)	0	static
N:/STM32H7S78-DK/MyApplication_1/Appli/TouchGFX/gui/src/containers/SetTempAndFan.cpp:190:6:virtual void SetTempAndFan::closeButtonClicked()	0	static
N:/STM32H7S78-DK/MyApplication_1/Appli/TouchGFX/gui/src/containers/SetTempAndFan.cpp:195:6:virtual void SetTempAndFan::close()	8	static
N:/STM32H7S78-DK/MyApplication_1/Appli/TouchGFX/gui/src/containers/SetTempAndFan.cpp:250:6:virtual void SetTempAndFan::tempUpdated(float)	0	static
../../Appli/../../Appli/Middlewares/ST/touchgfx/framework/include/touchgfx/TypedText.hpp:65:13:virtual touchgfx::TypedText::~TypedText()	8	static
../../Appli/../../Appli/TouchGFX/gui/include/gui/containers/SetTempAndFan.hpp:10:13:SetTempAndFan::~SetTempAndFan()	8	static
../../Appli/../../Appli/TouchGFX/gui/include/gui/containers/SetTempAndFan.hpp:10:13:virtual SetTempAndFan::~SetTempAndFan()	8	static
../../Appli/../../Appli/Middlewares/ST/touchgfx/framework/include/touchgfx/Drawable.hpp:121:18:virtual void touchgfx::Drawable::invalidateContent() const	0	static
../../Appli/../../Appli/TouchGFX/generated/gui_generated/include/gui_generated/containers/SetTempAndFanBase.hpp:100:18:virtual void SetTempAndFanBase::emitCloseStartedCallback(float)	16	static
../../Appli/../../Appli/TouchGFX/generated/gui_generated/include/gui_generated/containers/SetTempAndFanBase.hpp:93:18:virtual void SetTempAndFanBase::emitOpenCompleteCallback()	8	static
../../Appli/../../Appli/TouchGFX/generated/gui_generated/include/gui_generated/containers/SetTempAndFanBase.hpp:86:18:virtual void SetTempAndFanBase::emitFanSettingChangedCallback(HVAC_FanMode_t)	16	static
../../Appli/../../Appli/TouchGFX/generated/gui_generated/include/gui_generated/containers/SetTempAndFanBase.hpp:79:18:virtual void SetTempAndFanBase::emitCloseCompleteCallback()	8	static
../../Appli/../../Appli/Middlewares/ST/touchgfx/framework/include/touchgfx/containers/buttons/AbstractButtonContainer.hpp:70:10:void touchgfx::AbstractButtonContainer::setAlpha(uint8_t)	0	static
N:/STM32H7S78-DK/MyApplication_1/Appli/TouchGFX/gui/src/containers/SetTempAndFan.cpp:26:6:virtual void SetTempAndFan::startupAnimation()	16	static
N:/STM32H7S78-DK/MyApplication_1/Appli/TouchGFX/gui/src/containers/SetTempAndFan.cpp:48:6:virtual void SetTempAndFan::handleTickEvent()	16	static
N:/STM32H7S78-DK/MyApplication_1/Appli/TouchGFX/gui/src/containers/SetTempAndFan.cpp:5:1:SetTempAndFan::SetTempAndFan()	8	static
N:/STM32H7S78-DK/MyApplication_1/Appli/TouchGFX/gui/src/containers/SetTempAndFan.cpp:256:16:HVAC_FanMode_t SetTempAndFan::getSelectedFanButton()	8	static
N:/STM32H7S78-DK/MyApplication_1/Appli/TouchGFX/gui/src/containers/SetTempAndFan.cpp:241:6:virtual void SetTempAndFan::fanModeChanged()	16	static
../../Appli/../../Appli/Middlewares/ST/touchgfx/framework/include/touchgfx/widgets/RadioButtonGroup.hpp:122:18:void touchgfx::RadioButtonGroup<CAPACITY>::setSelected(touchgfx::RadioButton&) [with short unsigned int CAPACITY = 4]	16	static
../../Appli/../../Appli/Middlewares/ST/touchgfx/framework/include/touchgfx/mixins/FadeAnimator.hpp:122:10:void touchgfx::FadeAnimator<T>::startFadeAnimation(uint8_t, uint16_t, touchgfx::EasingEquation) [with T = touchgfx::Box]	24	static
N:/STM32H7S78-DK/MyApplication_1/Appli/TouchGFX/gui/src/containers/SetTempAndFan.cpp:220:6:virtual void SetTempAndFan::fadeIn()	16	static
N:/STM32H7S78-DK/MyApplication_1/Appli/TouchGFX/gui/src/containers/SetTempAndFan.cpp:236:6:virtual void SetTempAndFan::fadeOut()	8	static
N:/STM32H7S78-DK/MyApplication_1/Appli/TouchGFX/gui/src/containers/SetTempAndFan.cpp:20:6:virtual void SetTempAndFan::initialize()	8	static
N:/STM32H7S78-DK/MyApplication_1/Appli/TouchGFX/gui/src/containers/SetTempAndFan.cpp:137:6:virtual void SetTempAndFan::showContainer(Rooms, HVAC_FanMode_t, float, bool)	32	static
