../../Appli/../../Appli/Middlewares/ST/touchgfx/framework/include/touchgfx/Drawable.hpp:315:18:virtual void touchgfx::Drawable::setX(int16_t)	0	static
../../Appli/../../Appli/Middlewares/ST/touchgfx/framework/include/touchgfx/Drawable.hpp:327:18:virtual void touchgfx::Drawable::setY(int16_t)	0	static
../../Appli/../../Appli/Middlewares/ST/touchgfx/framework/include/touchgfx/Drawable.hpp:356:18:virtual void touchgfx::Drawable::setWidth(int16_t)	0	static
../../Appli/../../Appli/Middlewares/ST/touchgfx/framework/include/touchgfx/Drawable.hpp:368:18:virtual void touchgfx::Drawable::setHeight(int16_t)	0	static
../../Appli/../../Appli/Middlewares/ST/touchgfx/framework/include/touchgfx/Drawable.hpp:378:18:virtual void touchgfx::Drawable::childGeometryChanged()	0	static
../../Appli/../../Appli/Middlewares/ST/touchgfx/framework/include/touchgfx/Drawable.hpp:389:18:virtual void touchgfx::Drawable::handleClickEvent(const touchgfx::ClickEvent&)	0	static
../../Appli/../../Appli/Middlewares/ST/touchgfx/framework/include/touchgfx/Drawable.hpp:401:18:virtual void touchgfx::Drawable::handleGestureEvent(const touchgfx::GestureEvent&)	0	static
../../Appli/../../Appli/Middlewares/ST/touchgfx/framework/include/touchgfx/Drawable.hpp:490:18:virtual void touchgfx::Drawable::handleDragEvent(const touchgfx::DragEvent&)	0	static
../../Appli/../../Appli/Middlewares/ST/touchgfx/framework/include/touchgfx/Drawable.hpp:588:18:virtual void touchgfx::Drawable::moveTo(int16_t, int16_t)	4	static
../../Appli/../../Appli/Middlewares/ST/touchgfx/framework/include/touchgfx/containers/Container.hpp:165:23:virtual touchgfx::Drawable* touchgfx::Container::getFirstChild()	0	static
../../Appli/../../Appli/Middlewares/ST/touchgfx/framework/include/touchgfx/TypedText.hpp:65:13:touchgfx::TypedText::~TypedText()	0	static
../../Appli/../../Appli/Middlewares/ST/touchgfx/framework/include/touchgfx/TypedText.hpp:65:13:virtual touchgfx::TypedText::~TypedText()	8	static
../../Appli/../../Appli/TouchGFX/gui/include/gui/containers/TemperatureAnimation.hpp:10:13:TemperatureAnimation::~TemperatureAnimation()	8	static
../../Appli/../../Appli/TouchGFX/gui/include/gui/containers/TemperatureAnimation.hpp:10:13:virtual TemperatureAnimation::~TemperatureAnimation()	8	static
../../Appli/../../Appli/Middlewares/ST/touchgfx/framework/include/touchgfx/Drawable.hpp:121:18:virtual void touchgfx::Drawable::invalidateContent() const	0	static
../../Appli/../../Appli/TouchGFX/generated/gui_generated/include/gui_generated/containers/TemperatureAnimationBase.hpp:37:18:virtual void TemperatureAnimationBase::emitTemperatureAnimationDoneCallback()	8	static
../../Appli/../../Appli/Middlewares/ST/touchgfx/framework/include/touchgfx/Drawable.hpp:343:10:void touchgfx::Drawable::setXY(int16_t, int16_t)	16	static
N:/STM32H7S78-DK/MyApplication_1/Appli/TouchGFX/gui/src/containers/TemperatureAnimation.cpp:4:1:TemperatureAnimation::TemperatureAnimation()	8	static
N:/STM32H7S78-DK/MyApplication_1/Appli/TouchGFX/gui/src/containers/TemperatureAnimation.cpp:80:6:void TemperatureAnimation::setTemperature(float, bool)	24	static
../../Appli/../../Appli/Middlewares/ST/touchgfx/framework/include/touchgfx/mixins/FadeAnimator.hpp:122:10:void touchgfx::FadeAnimator<T>::startFadeAnimation(uint8_t, uint16_t, touchgfx::EasingEquation) [with T = touchgfx::AnimatedImage]	24	static
../../Appli/../../Appli/Middlewares/ST/touchgfx/framework/include/touchgfx/mixins/FadeAnimator.hpp:122:10:void touchgfx::FadeAnimator<T>::startFadeAnimation(uint8_t, uint16_t, touchgfx::EasingEquation) [with T = touchgfx::TextAreaWithOneWildcard]	24	static
N:/STM32H7S78-DK/MyApplication_1/Appli/TouchGFX/gui/src/containers/TemperatureAnimation.cpp:71:6:void TemperatureAnimation::stopAnimation()	16	static
N:/STM32H7S78-DK/MyApplication_1/Appli/TouchGFX/gui/src/containers/TemperatureAnimation.cpp:10:6:virtual void TemperatureAnimation::initialize()	8	static
N:/STM32H7S78-DK/MyApplication_1/Appli/TouchGFX/gui/src/containers/TemperatureAnimation.cpp:16:6:virtual void TemperatureAnimation::handleTickEvent()	8	static
N:/STM32H7S78-DK/MyApplication_1/Appli/TouchGFX/gui/src/containers/TemperatureAnimation.cpp:32:6:void TemperatureAnimation::startAnimation(Rooms, float, float, bool)	32	static
